
> moviepedia@0.1.0 test
> react-scripts test --coverage

FAIL src/App.test.tsx
  ● Console

    console.error
      Warning: Encountered two children with the same key, `null`. Keys should be unique so that components maintain their identity across updates. Non-unique keys may cause children to be duplicated and/or omitted — the behavior is unsupported and could change in a future version.
          at div
          at /home/runner/work/Team5-MoviePedia/Team5-MoviePedia/node_modules/@emotion/react/dist/emotion-element-b63ca7c6.cjs.dev.js:43:23
          at ChakraComponent (/home/runner/work/Team5-MoviePedia/Team5-MoviePedia/node_modules/@chakra-ui/system/dist/index.js:228:71)
          at Grid2 (/home/runner/work/Team5-MoviePedia/Team5-MoviePedia/node_modules/@chakra-ui/layout/dist/index.js:327:5)
          at SimpleGrid2 (/home/runner/work/Team5-MoviePedia/Team5-MoviePedia/node_modules/@chakra-ui/layout/dist/index.js:618:13)
          at div
          at /home/runner/work/Team5-MoviePedia/Team5-MoviePedia/node_modules/@emotion/react/dist/emotion-element-b63ca7c6.cjs.dev.js:43:23
          at ChakraComponent (/home/runner/work/Team5-MoviePedia/Team5-MoviePedia/node_modules/@chakra-ui/system/dist/index.js:228:71)
          at Container2 (/home/runner/work/Team5-MoviePedia/Team5-MoviePedia/node_modules/@chakra-ui/layout/dist/index.js:232:52)
          at div
          at MovieCards (/home/runner/work/Team5-MoviePedia/Team5-MoviePedia/src/components/MovieCards.tsx:21:5)
          at div
          at /home/runner/work/Team5-MoviePedia/Team5-MoviePedia/node_modules/@emotion/react/dist/emotion-element-b63ca7c6.cjs.dev.js:43:23
          at ChakraComponent (/home/runner/work/Team5-MoviePedia/Team5-MoviePedia/node_modules/@chakra-ui/system/dist/index.js:228:71)
          at div
          at /home/runner/work/Team5-MoviePedia/Team5-MoviePedia/node_modules/@emotion/react/dist/emotion-element-b63ca7c6.cjs.dev.js:43:23
          at ChakraComponent (/home/runner/work/Team5-MoviePedia/Team5-MoviePedia/node_modules/@chakra-ui/system/dist/index.js:228:71)
          at Flex2 (/home/runner/work/Team5-MoviePedia/Team5-MoviePedia/node_modules/@chakra-ui/layout/dist/index.js:307:11)
          at div
          at App (/home/runner/work/Team5-MoviePedia/Team5-MoviePedia/src/App.tsx:32:45)

      4 |
      5 | test("renders learn react link", () => {
    > 6 |     render(<App />);
        |           ^
      7 |     const linkElement = screen.getByText(/learn react/i);
      8 |     expect(linkElement).toBeInTheDocument();
      9 | });

      at printWarning (node_modules/react-dom/cjs/react-dom.development.js:86:30)
      at error (node_modules/react-dom/cjs/react-dom.development.js:60:7)
      at warnOnInvalidKey (node_modules/react-dom/cjs/react-dom.development.js:15293:11)
      at reconcileChildrenArray (node_modules/react-dom/cjs/react-dom.development.js:15330:21)
      at reconcileChildFibers (node_modules/react-dom/cjs/react-dom.development.js:15821:16)
      at reconcileChildren (node_modules/react-dom/cjs/react-dom.development.js:19167:28)
      at updateHostComponent (node_modules/react-dom/cjs/react-dom.development.js:19924:3)
      at beginWork (node_modules/react-dom/cjs/react-dom.development.js:21618:14)
      at beginWork$1 (node_modules/react-dom/cjs/react-dom.development.js:27426:14)
      at performUnitOfWork (node_modules/react-dom/cjs/react-dom.development.js:26560:12)
      at workLoopSync (node_modules/react-dom/cjs/react-dom.development.js:26466:5)
      at renderRootSync (node_modules/react-dom/cjs/react-dom.development.js:26434:7)
      at performConcurrentWorkOnRoot (node_modules/react-dom/cjs/react-dom.development.js:25738:74)
      at flushActQueue (node_modules/react/cjs/react.development.js:2667:24)
      at act (node_modules/react/cjs/react.development.js:2582:11)
      at node_modules/@testing-library/react/dist/act-compat.js:63:25
      at renderRoot (node_modules/@testing-library/react/dist/pure.js:159:26)
      at render (node_modules/@testing-library/react/dist/pure.js:246:10)
      at Object.<anonymous> (src/App.test.tsx:6:11)

    console.error
      Warning: Encountered two children with the same key, `null`. Keys should be unique so that components maintain their identity across updates. Non-unique keys may cause children to be duplicated and/or omitted — the behavior is unsupported and could change in a future version.
          at div
          at /home/runner/work/Team5-MoviePedia/Team5-MoviePedia/node_modules/@emotion/react/dist/emotion-element-b63ca7c6.cjs.dev.js:43:23
          at ChakraComponent (/home/runner/work/Team5-MoviePedia/Team5-MoviePedia/node_modules/@chakra-ui/system/dist/index.js:228:71)
          at Grid2 (/home/runner/work/Team5-MoviePedia/Team5-MoviePedia/node_modules/@chakra-ui/layout/dist/index.js:327:5)
          at SimpleGrid2 (/home/runner/work/Team5-MoviePedia/Team5-MoviePedia/node_modules/@chakra-ui/layout/dist/index.js:618:13)
          at div
          at /home/runner/work/Team5-MoviePedia/Team5-MoviePedia/node_modules/@emotion/react/dist/emotion-element-b63ca7c6.cjs.dev.js:43:23
          at ChakraComponent (/home/runner/work/Team5-MoviePedia/Team5-MoviePedia/node_modules/@chakra-ui/system/dist/index.js:228:71)
          at Container2 (/home/runner/work/Team5-MoviePedia/Team5-MoviePedia/node_modules/@chakra-ui/layout/dist/index.js:232:52)
          at div
          at MovieCards (/home/runner/work/Team5-MoviePedia/Team5-MoviePedia/src/components/MovieCards.tsx:21:5)
          at div
          at /home/runner/work/Team5-MoviePedia/Team5-MoviePedia/node_modules/@emotion/react/dist/emotion-element-b63ca7c6.cjs.dev.js:43:23
          at ChakraComponent (/home/runner/work/Team5-MoviePedia/Team5-MoviePedia/node_modules/@chakra-ui/system/dist/index.js:228:71)
          at div
          at /home/runner/work/Team5-MoviePedia/Team5-MoviePedia/node_modules/@emotion/react/dist/emotion-element-b63ca7c6.cjs.dev.js:43:23
          at ChakraComponent (/home/runner/work/Team5-MoviePedia/Team5-MoviePedia/node_modules/@chakra-ui/system/dist/index.js:228:71)
          at Flex2 (/home/runner/work/Team5-MoviePedia/Team5-MoviePedia/node_modules/@chakra-ui/layout/dist/index.js:307:11)
          at div
          at App (/home/runner/work/Team5-MoviePedia/Team5-MoviePedia/src/App.tsx:32:45)

      4 |
      5 | test("renders learn react link", () => {
    > 6 |     render(<App />);
        |           ^
      7 |     const linkElement = screen.getByText(/learn react/i);
      8 |     expect(linkElement).toBeInTheDocument();
      9 | });

      at printWarning (node_modules/react-dom/cjs/react-dom.development.js:86:30)
      at error (node_modules/react-dom/cjs/react-dom.development.js:60:7)
      at warnOnInvalidKey (node_modules/react-dom/cjs/react-dom.development.js:15293:11)
      at reconcileChildrenArray (node_modules/react-dom/cjs/react-dom.development.js:15330:21)
      at reconcileChildFibers (node_modules/react-dom/cjs/react-dom.development.js:15821:16)
      at reconcileChildren (node_modules/react-dom/cjs/react-dom.development.js:19167:28)
      at updateHostComponent (node_modules/react-dom/cjs/react-dom.development.js:19924:3)
      at beginWork (node_modules/react-dom/cjs/react-dom.development.js:21618:14)
      at beginWork$1 (node_modules/react-dom/cjs/react-dom.development.js:27426:14)
      at performUnitOfWork (node_modules/react-dom/cjs/react-dom.development.js:26560:12)
      at workLoopSync (node_modules/react-dom/cjs/react-dom.development.js:26466:5)
      at renderRootSync (node_modules/react-dom/cjs/react-dom.development.js:26434:7)
      at performConcurrentWorkOnRoot (node_modules/react-dom/cjs/react-dom.development.js:25738:74)
      at flushActQueue (node_modules/react/cjs/react.development.js:2667:24)
      at act (node_modules/react/cjs/react.development.js:2582:11)
      at node_modules/@testing-library/react/dist/act-compat.js:63:25
      at renderRoot (node_modules/@testing-library/react/dist/pure.js:159:26)
      at render (node_modules/@testing-library/react/dist/pure.js:246:10)
      at Object.<anonymous> (src/App.test.tsx:6:11)

    console.error
      Warning: Encountered two children with the same key, `null`. Keys should be unique so that components maintain their identity across updates. Non-unique keys may cause children to be duplicated and/or omitted — the behavior is unsupported and could change in a future version.
          at div
          at /home/runner/work/Team5-MoviePedia/Team5-MoviePedia/node_modules/@emotion/react/dist/emotion-element-b63ca7c6.cjs.dev.js:43:23
          at ChakraComponent (/home/runner/work/Team5-MoviePedia/Team5-MoviePedia/node_modules/@chakra-ui/system/dist/index.js:228:71)
          at Grid2 (/home/runner/work/Team5-MoviePedia/Team5-MoviePedia/node_modules/@chakra-ui/layout/dist/index.js:327:5)
          at SimpleGrid2 (/home/runner/work/Team5-MoviePedia/Team5-MoviePedia/node_modules/@chakra-ui/layout/dist/index.js:618:13)
          at div
          at /home/runner/work/Team5-MoviePedia/Team5-MoviePedia/node_modules/@emotion/react/dist/emotion-element-b63ca7c6.cjs.dev.js:43:23
          at ChakraComponent (/home/runner/work/Team5-MoviePedia/Team5-MoviePedia/node_modules/@chakra-ui/system/dist/index.js:228:71)
          at Container2 (/home/runner/work/Team5-MoviePedia/Team5-MoviePedia/node_modules/@chakra-ui/layout/dist/index.js:232:52)
          at div
          at MovieCards (/home/runner/work/Team5-MoviePedia/Team5-MoviePedia/src/components/MovieCards.tsx:21:5)
          at div
          at /home/runner/work/Team5-MoviePedia/Team5-MoviePedia/node_modules/@emotion/react/dist/emotion-element-b63ca7c6.cjs.dev.js:43:23
          at ChakraComponent (/home/runner/work/Team5-MoviePedia/Team5-MoviePedia/node_modules/@chakra-ui/system/dist/index.js:228:71)
          at div
          at /home/runner/work/Team5-MoviePedia/Team5-MoviePedia/node_modules/@emotion/react/dist/emotion-element-b63ca7c6.cjs.dev.js:43:23
          at ChakraComponent (/home/runner/work/Team5-MoviePedia/Team5-MoviePedia/node_modules/@chakra-ui/system/dist/index.js:228:71)
          at Flex2 (/home/runner/work/Team5-MoviePedia/Team5-MoviePedia/node_modules/@chakra-ui/layout/dist/index.js:307:11)
          at div
          at App (/home/runner/work/Team5-MoviePedia/Team5-MoviePedia/src/App.tsx:32:45)

      4 |
      5 | test("renders learn react link", () => {
    > 6 |     render(<App />);
        |           ^
      7 |     const linkElement = screen.getByText(/learn react/i);
      8 |     expect(linkElement).toBeInTheDocument();
      9 | });

      at printWarning (node_modules/react-dom/cjs/react-dom.development.js:86:30)
      at error (node_modules/react-dom/cjs/react-dom.development.js:60:7)
      at warnOnInvalidKey (node_modules/react-dom/cjs/react-dom.development.js:15293:11)
      at reconcileChildrenArray (node_modules/react-dom/cjs/react-dom.development.js:15330:21)
      at reconcileChildFibers (node_modules/react-dom/cjs/react-dom.development.js:15821:16)
      at reconcileChildren (node_modules/react-dom/cjs/react-dom.development.js:19167:28)
      at updateHostComponent (node_modules/react-dom/cjs/react-dom.development.js:19924:3)
      at beginWork (node_modules/react-dom/cjs/react-dom.development.js:21618:14)
      at beginWork$1 (node_modules/react-dom/cjs/react-dom.development.js:27426:14)
      at performUnitOfWork (node_modules/react-dom/cjs/react-dom.development.js:26560:12)
      at workLoopSync (node_modules/react-dom/cjs/react-dom.development.js:26466:5)
      at renderRootSync (node_modules/react-dom/cjs/react-dom.development.js:26434:7)
      at performConcurrentWorkOnRoot (node_modules/react-dom/cjs/react-dom.development.js:25738:74)
      at flushActQueue (node_modules/react/cjs/react.development.js:2667:24)
      at act (node_modules/react/cjs/react.development.js:2582:11)
      at node_modules/@testing-library/react/dist/act-compat.js:63:25
      at renderRoot (node_modules/@testing-library/react/dist/pure.js:159:26)
      at render (node_modules/@testing-library/react/dist/pure.js:246:10)
      at Object.<anonymous> (src/App.test.tsx:6:11)

    console.error
      Warning: Encountered two children with the same key, `null`. Keys should be unique so that components maintain their identity across updates. Non-unique keys may cause children to be duplicated and/or omitted — the behavior is unsupported and could change in a future version.
          at div
          at /home/runner/work/Team5-MoviePedia/Team5-MoviePedia/node_modules/@emotion/react/dist/emotion-element-b63ca7c6.cjs.dev.js:43:23
          at ChakraComponent (/home/runner/work/Team5-MoviePedia/Team5-MoviePedia/node_modules/@chakra-ui/system/dist/index.js:228:71)
          at Grid2 (/home/runner/work/Team5-MoviePedia/Team5-MoviePedia/node_modules/@chakra-ui/layout/dist/index.js:327:5)
          at SimpleGrid2 (/home/runner/work/Team5-MoviePedia/Team5-MoviePedia/node_modules/@chakra-ui/layout/dist/index.js:618:13)
          at div
          at /home/runner/work/Team5-MoviePedia/Team5-MoviePedia/node_modules/@emotion/react/dist/emotion-element-b63ca7c6.cjs.dev.js:43:23
          at ChakraComponent (/home/runner/work/Team5-MoviePedia/Team5-MoviePedia/node_modules/@chakra-ui/system/dist/index.js:228:71)
          at Container2 (/home/runner/work/Team5-MoviePedia/Team5-MoviePedia/node_modules/@chakra-ui/layout/dist/index.js:232:52)
          at div
          at MovieCards (/home/runner/work/Team5-MoviePedia/Team5-MoviePedia/src/components/MovieCards.tsx:21:5)
          at div
          at /home/runner/work/Team5-MoviePedia/Team5-MoviePedia/node_modules/@emotion/react/dist/emotion-element-b63ca7c6.cjs.dev.js:43:23
          at ChakraComponent (/home/runner/work/Team5-MoviePedia/Team5-MoviePedia/node_modules/@chakra-ui/system/dist/index.js:228:71)
          at div
          at /home/runner/work/Team5-MoviePedia/Team5-MoviePedia/node_modules/@emotion/react/dist/emotion-element-b63ca7c6.cjs.dev.js:43:23
          at ChakraComponent (/home/runner/work/Team5-MoviePedia/Team5-MoviePedia/node_modules/@chakra-ui/system/dist/index.js:228:71)
          at Flex2 (/home/runner/work/Team5-MoviePedia/Team5-MoviePedia/node_modules/@chakra-ui/layout/dist/index.js:307:11)
          at div
          at App (/home/runner/work/Team5-MoviePedia/Team5-MoviePedia/src/App.tsx:32:45)

      4 |
      5 | test("renders learn react link", () => {
    > 6 |     render(<App />);
        |           ^
      7 |     const linkElement = screen.getByText(/learn react/i);
      8 |     expect(linkElement).toBeInTheDocument();
      9 | });

      at printWarning (node_modules/react-dom/cjs/react-dom.development.js:86:30)
      at error (node_modules/react-dom/cjs/react-dom.development.js:60:7)
      at warnOnInvalidKey (node_modules/react-dom/cjs/react-dom.development.js:15293:11)
      at reconcileChildrenArray (node_modules/react-dom/cjs/react-dom.development.js:15330:21)
      at reconcileChildFibers (node_modules/react-dom/cjs/react-dom.development.js:15821:16)
      at reconcileChildren (node_modules/react-dom/cjs/react-dom.development.js:19167:28)
      at updateHostComponent (node_modules/react-dom/cjs/react-dom.development.js:19924:3)
      at beginWork (node_modules/react-dom/cjs/react-dom.development.js:21618:14)
      at beginWork$1 (node_modules/react-dom/cjs/react-dom.development.js:27426:14)
      at performUnitOfWork (node_modules/react-dom/cjs/react-dom.development.js:26560:12)
      at workLoopSync (node_modules/react-dom/cjs/react-dom.development.js:26466:5)
      at renderRootSync (node_modules/react-dom/cjs/react-dom.development.js:26434:7)
      at performConcurrentWorkOnRoot (node_modules/react-dom/cjs/react-dom.development.js:25738:74)
      at flushActQueue (node_modules/react/cjs/react.development.js:2667:24)
      at act (node_modules/react/cjs/react.development.js:2582:11)
      at node_modules/@testing-library/react/dist/act-compat.js:63:25
      at renderRoot (node_modules/@testing-library/react/dist/pure.js:159:26)
      at render (node_modules/@testing-library/react/dist/pure.js:246:10)
      at Object.<anonymous> (src/App.test.tsx:6:11)

    console.error
      Warning: Encountered two children with the same key, `null`. Keys should be unique so that components maintain their identity across updates. Non-unique keys may cause children to be duplicated and/or omitted — the behavior is unsupported and could change in a future version.
          at div
          at /home/runner/work/Team5-MoviePedia/Team5-MoviePedia/node_modules/@emotion/react/dist/emotion-element-b63ca7c6.cjs.dev.js:43:23
          at ChakraComponent (/home/runner/work/Team5-MoviePedia/Team5-MoviePedia/node_modules/@chakra-ui/system/dist/index.js:228:71)
          at Grid2 (/home/runner/work/Team5-MoviePedia/Team5-MoviePedia/node_modules/@chakra-ui/layout/dist/index.js:327:5)
          at SimpleGrid2 (/home/runner/work/Team5-MoviePedia/Team5-MoviePedia/node_modules/@chakra-ui/layout/dist/index.js:618:13)
          at div
          at /home/runner/work/Team5-MoviePedia/Team5-MoviePedia/node_modules/@emotion/react/dist/emotion-element-b63ca7c6.cjs.dev.js:43:23
          at ChakraComponent (/home/runner/work/Team5-MoviePedia/Team5-MoviePedia/node_modules/@chakra-ui/system/dist/index.js:228:71)
          at Container2 (/home/runner/work/Team5-MoviePedia/Team5-MoviePedia/node_modules/@chakra-ui/layout/dist/index.js:232:52)
          at div
          at MovieCards (/home/runner/work/Team5-MoviePedia/Team5-MoviePedia/src/components/MovieCards.tsx:21:5)
          at div
          at /home/runner/work/Team5-MoviePedia/Team5-MoviePedia/node_modules/@emotion/react/dist/emotion-element-b63ca7c6.cjs.dev.js:43:23
          at ChakraComponent (/home/runner/work/Team5-MoviePedia/Team5-MoviePedia/node_modules/@chakra-ui/system/dist/index.js:228:71)
          at div
          at /home/runner/work/Team5-MoviePedia/Team5-MoviePedia/node_modules/@emotion/react/dist/emotion-element-b63ca7c6.cjs.dev.js:43:23
          at ChakraComponent (/home/runner/work/Team5-MoviePedia/Team5-MoviePedia/node_modules/@chakra-ui/system/dist/index.js:228:71)
          at Flex2 (/home/runner/work/Team5-MoviePedia/Team5-MoviePedia/node_modules/@chakra-ui/layout/dist/index.js:307:11)
          at div
          at App (/home/runner/work/Team5-MoviePedia/Team5-MoviePedia/src/App.tsx:32:45)

      4 |
      5 | test("renders learn react link", () => {
    > 6 |     render(<App />);
        |           ^
      7 |     const linkElement = screen.getByText(/learn react/i);
      8 |     expect(linkElement).toBeInTheDocument();
      9 | });

      at printWarning (node_modules/react-dom/cjs/react-dom.development.js:86:30)
      at error (node_modules/react-dom/cjs/react-dom.development.js:60:7)
      at warnOnInvalidKey (node_modules/react-dom/cjs/react-dom.development.js:15293:11)
      at reconcileChildrenArray (node_modules/react-dom/cjs/react-dom.development.js:15330:21)
      at reconcileChildFibers (node_modules/react-dom/cjs/react-dom.development.js:15821:16)
      at reconcileChildren (node_modules/react-dom/cjs/react-dom.development.js:19167:28)
      at updateHostComponent (node_modules/react-dom/cjs/react-dom.development.js:19924:3)
      at beginWork (node_modules/react-dom/cjs/react-dom.development.js:21618:14)
      at beginWork$1 (node_modules/react-dom/cjs/react-dom.development.js:27426:14)
      at performUnitOfWork (node_modules/react-dom/cjs/react-dom.development.js:26560:12)
      at workLoopSync (node_modules/react-dom/cjs/react-dom.development.js:26466:5)
      at renderRootSync (node_modules/react-dom/cjs/react-dom.development.js:26434:7)
      at performConcurrentWorkOnRoot (node_modules/react-dom/cjs/react-dom.development.js:25738:74)
      at flushActQueue (node_modules/react/cjs/react.development.js:2667:24)
      at act (node_modules/react/cjs/react.development.js:2582:11)
      at node_modules/@testing-library/react/dist/act-compat.js:63:25
      at renderRoot (node_modules/@testing-library/react/dist/pure.js:159:26)
      at render (node_modules/@testing-library/react/dist/pure.js:246:10)
      at Object.<anonymous> (src/App.test.tsx:6:11)

    console.error
      Warning: Encountered two children with the same key, `null`. Keys should be unique so that components maintain their identity across updates. Non-unique keys may cause children to be duplicated and/or omitted — the behavior is unsupported and could change in a future version.
          at div
          at /home/runner/work/Team5-MoviePedia/Team5-MoviePedia/node_modules/@emotion/react/dist/emotion-element-b63ca7c6.cjs.dev.js:43:23
          at ChakraComponent (/home/runner/work/Team5-MoviePedia/Team5-MoviePedia/node_modules/@chakra-ui/system/dist/index.js:228:71)
          at Grid2 (/home/runner/work/Team5-MoviePedia/Team5-MoviePedia/node_modules/@chakra-ui/layout/dist/index.js:327:5)
          at SimpleGrid2 (/home/runner/work/Team5-MoviePedia/Team5-MoviePedia/node_modules/@chakra-ui/layout/dist/index.js:618:13)
          at div
          at /home/runner/work/Team5-MoviePedia/Team5-MoviePedia/node_modules/@emotion/react/dist/emotion-element-b63ca7c6.cjs.dev.js:43:23
          at ChakraComponent (/home/runner/work/Team5-MoviePedia/Team5-MoviePedia/node_modules/@chakra-ui/system/dist/index.js:228:71)
          at Container2 (/home/runner/work/Team5-MoviePedia/Team5-MoviePedia/node_modules/@chakra-ui/layout/dist/index.js:232:52)
          at div
          at MovieCards (/home/runner/work/Team5-MoviePedia/Team5-MoviePedia/src/components/MovieCards.tsx:21:5)
          at div
          at /home/runner/work/Team5-MoviePedia/Team5-MoviePedia/node_modules/@emotion/react/dist/emotion-element-b63ca7c6.cjs.dev.js:43:23
          at ChakraComponent (/home/runner/work/Team5-MoviePedia/Team5-MoviePedia/node_modules/@chakra-ui/system/dist/index.js:228:71)
          at div
          at /home/runner/work/Team5-MoviePedia/Team5-MoviePedia/node_modules/@emotion/react/dist/emotion-element-b63ca7c6.cjs.dev.js:43:23
          at ChakraComponent (/home/runner/work/Team5-MoviePedia/Team5-MoviePedia/node_modules/@chakra-ui/system/dist/index.js:228:71)
          at Flex2 (/home/runner/work/Team5-MoviePedia/Team5-MoviePedia/node_modules/@chakra-ui/layout/dist/index.js:307:11)
          at div
          at App (/home/runner/work/Team5-MoviePedia/Team5-MoviePedia/src/App.tsx:32:45)

      4 |
      5 | test("renders learn react link", () => {
    > 6 |     render(<App />);
        |           ^
      7 |     const linkElement = screen.getByText(/learn react/i);
      8 |     expect(linkElement).toBeInTheDocument();
      9 | });

      at printWarning (node_modules/react-dom/cjs/react-dom.development.js:86:30)
      at error (node_modules/react-dom/cjs/react-dom.development.js:60:7)
      at warnOnInvalidKey (node_modules/react-dom/cjs/react-dom.development.js:15293:11)
      at reconcileChildrenArray (node_modules/react-dom/cjs/react-dom.development.js:15330:21)
      at reconcileChildFibers (node_modules/react-dom/cjs/react-dom.development.js:15821:16)
      at reconcileChildren (node_modules/react-dom/cjs/react-dom.development.js:19167:28)
      at updateHostComponent (node_modules/react-dom/cjs/react-dom.development.js:19924:3)
      at beginWork (node_modules/react-dom/cjs/react-dom.development.js:21618:14)
      at beginWork$1 (node_modules/react-dom/cjs/react-dom.development.js:27426:14)
      at performUnitOfWork (node_modules/react-dom/cjs/react-dom.development.js:26560:12)
      at workLoopSync (node_modules/react-dom/cjs/react-dom.development.js:26466:5)
      at renderRootSync (node_modules/react-dom/cjs/react-dom.development.js:26434:7)
      at performConcurrentWorkOnRoot (node_modules/react-dom/cjs/react-dom.development.js:25738:74)
      at flushActQueue (node_modules/react/cjs/react.development.js:2667:24)
      at act (node_modules/react/cjs/react.development.js:2582:11)
      at node_modules/@testing-library/react/dist/act-compat.js:63:25
      at renderRoot (node_modules/@testing-library/react/dist/pure.js:159:26)
      at render (node_modules/@testing-library/react/dist/pure.js:246:10)
      at Object.<anonymous> (src/App.test.tsx:6:11)

    console.error
      Warning: Encountered two children with the same key, `null`. Keys should be unique so that components maintain their identity across updates. Non-unique keys may cause children to be duplicated and/or omitted — the behavior is unsupported and could change in a future version.
          at div
          at /home/runner/work/Team5-MoviePedia/Team5-MoviePedia/node_modules/@emotion/react/dist/emotion-element-b63ca7c6.cjs.dev.js:43:23
          at ChakraComponent (/home/runner/work/Team5-MoviePedia/Team5-MoviePedia/node_modules/@chakra-ui/system/dist/index.js:228:71)
          at Grid2 (/home/runner/work/Team5-MoviePedia/Team5-MoviePedia/node_modules/@chakra-ui/layout/dist/index.js:327:5)
          at SimpleGrid2 (/home/runner/work/Team5-MoviePedia/Team5-MoviePedia/node_modules/@chakra-ui/layout/dist/index.js:618:13)
          at div
          at /home/runner/work/Team5-MoviePedia/Team5-MoviePedia/node_modules/@emotion/react/dist/emotion-element-b63ca7c6.cjs.dev.js:43:23
          at ChakraComponent (/home/runner/work/Team5-MoviePedia/Team5-MoviePedia/node_modules/@chakra-ui/system/dist/index.js:228:71)
          at Container2 (/home/runner/work/Team5-MoviePedia/Team5-MoviePedia/node_modules/@chakra-ui/layout/dist/index.js:232:52)
          at div
          at MovieCards (/home/runner/work/Team5-MoviePedia/Team5-MoviePedia/src/components/MovieCards.tsx:21:5)
          at div
          at /home/runner/work/Team5-MoviePedia/Team5-MoviePedia/node_modules/@emotion/react/dist/emotion-element-b63ca7c6.cjs.dev.js:43:23
          at ChakraComponent (/home/runner/work/Team5-MoviePedia/Team5-MoviePedia/node_modules/@chakra-ui/system/dist/index.js:228:71)
          at div
          at /home/runner/work/Team5-MoviePedia/Team5-MoviePedia/node_modules/@emotion/react/dist/emotion-element-b63ca7c6.cjs.dev.js:43:23
          at ChakraComponent (/home/runner/work/Team5-MoviePedia/Team5-MoviePedia/node_modules/@chakra-ui/system/dist/index.js:228:71)
          at Flex2 (/home/runner/work/Team5-MoviePedia/Team5-MoviePedia/node_modules/@chakra-ui/layout/dist/index.js:307:11)
          at div
          at App (/home/runner/work/Team5-MoviePedia/Team5-MoviePedia/src/App.tsx:32:45)

      4 |
      5 | test("renders learn react link", () => {
    > 6 |     render(<App />);
        |           ^
      7 |     const linkElement = screen.getByText(/learn react/i);
      8 |     expect(linkElement).toBeInTheDocument();
      9 | });

      at printWarning (node_modules/react-dom/cjs/react-dom.development.js:86:30)
      at error (node_modules/react-dom/cjs/react-dom.development.js:60:7)
      at warnOnInvalidKey (node_modules/react-dom/cjs/react-dom.development.js:15293:11)
      at reconcileChildrenArray (node_modules/react-dom/cjs/react-dom.development.js:15330:21)
      at reconcileChildFibers (node_modules/react-dom/cjs/react-dom.development.js:15821:16)
      at reconcileChildren (node_modules/react-dom/cjs/react-dom.development.js:19167:28)
      at updateHostComponent (node_modules/react-dom/cjs/react-dom.development.js:19924:3)
      at beginWork (node_modules/react-dom/cjs/react-dom.development.js:21618:14)
      at beginWork$1 (node_modules/react-dom/cjs/react-dom.development.js:27426:14)
      at performUnitOfWork (node_modules/react-dom/cjs/react-dom.development.js:26560:12)
      at workLoopSync (node_modules/react-dom/cjs/react-dom.development.js:26466:5)
      at renderRootSync (node_modules/react-dom/cjs/react-dom.development.js:26434:7)
      at performConcurrentWorkOnRoot (node_modules/react-dom/cjs/react-dom.development.js:25738:74)
      at flushActQueue (node_modules/react/cjs/react.development.js:2667:24)
      at act (node_modules/react/cjs/react.development.js:2582:11)
      at node_modules/@testing-library/react/dist/act-compat.js:63:25
      at renderRoot (node_modules/@testing-library/react/dist/pure.js:159:26)
      at render (node_modules/@testing-library/react/dist/pure.js:246:10)
      at Object.<anonymous> (src/App.test.tsx:6:11)

    console.error
      Warning: Encountered two children with the same key, `null`. Keys should be unique so that components maintain their identity across updates. Non-unique keys may cause children to be duplicated and/or omitted — the behavior is unsupported and could change in a future version.
          at div
          at /home/runner/work/Team5-MoviePedia/Team5-MoviePedia/node_modules/@emotion/react/dist/emotion-element-b63ca7c6.cjs.dev.js:43:23
          at ChakraComponent (/home/runner/work/Team5-MoviePedia/Team5-MoviePedia/node_modules/@chakra-ui/system/dist/index.js:228:71)
          at Grid2 (/home/runner/work/Team5-MoviePedia/Team5-MoviePedia/node_modules/@chakra-ui/layout/dist/index.js:327:5)
          at SimpleGrid2 (/home/runner/work/Team5-MoviePedia/Team5-MoviePedia/node_modules/@chakra-ui/layout/dist/index.js:618:13)
          at div
          at /home/runner/work/Team5-MoviePedia/Team5-MoviePedia/node_modules/@emotion/react/dist/emotion-element-b63ca7c6.cjs.dev.js:43:23
          at ChakraComponent (/home/runner/work/Team5-MoviePedia/Team5-MoviePedia/node_modules/@chakra-ui/system/dist/index.js:228:71)
          at Container2 (/home/runner/work/Team5-MoviePedia/Team5-MoviePedia/node_modules/@chakra-ui/layout/dist/index.js:232:52)
          at div
          at MovieCards (/home/runner/work/Team5-MoviePedia/Team5-MoviePedia/src/components/MovieCards.tsx:21:5)
          at div
          at /home/runner/work/Team5-MoviePedia/Team5-MoviePedia/node_modules/@emotion/react/dist/emotion-element-b63ca7c6.cjs.dev.js:43:23
          at ChakraComponent (/home/runner/work/Team5-MoviePedia/Team5-MoviePedia/node_modules/@chakra-ui/system/dist/index.js:228:71)
          at div
          at /home/runner/work/Team5-MoviePedia/Team5-MoviePedia/node_modules/@emotion/react/dist/emotion-element-b63ca7c6.cjs.dev.js:43:23
          at ChakraComponent (/home/runner/work/Team5-MoviePedia/Team5-MoviePedia/node_modules/@chakra-ui/system/dist/index.js:228:71)
          at Flex2 (/home/runner/work/Team5-MoviePedia/Team5-MoviePedia/node_modules/@chakra-ui/layout/dist/index.js:307:11)
          at div
          at App (/home/runner/work/Team5-MoviePedia/Team5-MoviePedia/src/App.tsx:32:45)

      4 |
      5 | test("renders learn react link", () => {
    > 6 |     render(<App />);
        |           ^
      7 |     const linkElement = screen.getByText(/learn react/i);
      8 |     expect(linkElement).toBeInTheDocument();
      9 | });

      at printWarning (node_modules/react-dom/cjs/react-dom.development.js:86:30)
      at error (node_modules/react-dom/cjs/react-dom.development.js:60:7)
      at warnOnInvalidKey (node_modules/react-dom/cjs/react-dom.development.js:15293:11)
      at reconcileChildrenArray (node_modules/react-dom/cjs/react-dom.development.js:15330:21)
      at reconcileChildFibers (node_modules/react-dom/cjs/react-dom.development.js:15821:16)
      at reconcileChildren (node_modules/react-dom/cjs/react-dom.development.js:19167:28)
      at updateHostComponent (node_modules/react-dom/cjs/react-dom.development.js:19924:3)
      at beginWork (node_modules/react-dom/cjs/react-dom.development.js:21618:14)
      at beginWork$1 (node_modules/react-dom/cjs/react-dom.development.js:27426:14)
      at performUnitOfWork (node_modules/react-dom/cjs/react-dom.development.js:26560:12)
      at workLoopSync (node_modules/react-dom/cjs/react-dom.development.js:26466:5)
      at renderRootSync (node_modules/react-dom/cjs/react-dom.development.js:26434:7)
      at performConcurrentWorkOnRoot (node_modules/react-dom/cjs/react-dom.development.js:25738:74)
      at flushActQueue (node_modules/react/cjs/react.development.js:2667:24)
      at act (node_modules/react/cjs/react.development.js:2582:11)
      at node_modules/@testing-library/react/dist/act-compat.js:63:25
      at renderRoot (node_modules/@testing-library/react/dist/pure.js:159:26)
      at render (node_modules/@testing-library/react/dist/pure.js:246:10)
      at Object.<anonymous> (src/App.test.tsx:6:11)

    console.error
      Warning: Encountered two children with the same key, `null`. Keys should be unique so that components maintain their identity across updates. Non-unique keys may cause children to be duplicated and/or omitted — the behavior is unsupported and could change in a future version.
          at div
          at /home/runner/work/Team5-MoviePedia/Team5-MoviePedia/node_modules/@emotion/react/dist/emotion-element-b63ca7c6.cjs.dev.js:43:23
          at ChakraComponent (/home/runner/work/Team5-MoviePedia/Team5-MoviePedia/node_modules/@chakra-ui/system/dist/index.js:228:71)
          at Grid2 (/home/runner/work/Team5-MoviePedia/Team5-MoviePedia/node_modules/@chakra-ui/layout/dist/index.js:327:5)
          at SimpleGrid2 (/home/runner/work/Team5-MoviePedia/Team5-MoviePedia/node_modules/@chakra-ui/layout/dist/index.js:618:13)
          at div
          at /home/runner/work/Team5-MoviePedia/Team5-MoviePedia/node_modules/@emotion/react/dist/emotion-element-b63ca7c6.cjs.dev.js:43:23
          at ChakraComponent (/home/runner/work/Team5-MoviePedia/Team5-MoviePedia/node_modules/@chakra-ui/system/dist/index.js:228:71)
          at Container2 (/home/runner/work/Team5-MoviePedia/Team5-MoviePedia/node_modules/@chakra-ui/layout/dist/index.js:232:52)
          at div
          at MovieCards (/home/runner/work/Team5-MoviePedia/Team5-MoviePedia/src/components/MovieCards.tsx:21:5)
          at div
          at /home/runner/work/Team5-MoviePedia/Team5-MoviePedia/node_modules/@emotion/react/dist/emotion-element-b63ca7c6.cjs.dev.js:43:23
          at ChakraComponent (/home/runner/work/Team5-MoviePedia/Team5-MoviePedia/node_modules/@chakra-ui/system/dist/index.js:228:71)
          at div
          at /home/runner/work/Team5-MoviePedia/Team5-MoviePedia/node_modules/@emotion/react/dist/emotion-element-b63ca7c6.cjs.dev.js:43:23
          at ChakraComponent (/home/runner/work/Team5-MoviePedia/Team5-MoviePedia/node_modules/@chakra-ui/system/dist/index.js:228:71)
          at Flex2 (/home/runner/work/Team5-MoviePedia/Team5-MoviePedia/node_modules/@chakra-ui/layout/dist/index.js:307:11)
          at div
          at App (/home/runner/work/Team5-MoviePedia/Team5-MoviePedia/src/App.tsx:32:45)

      4 |
      5 | test("renders learn react link", () => {
    > 6 |     render(<App />);
        |           ^
      7 |     const linkElement = screen.getByText(/learn react/i);
      8 |     expect(linkElement).toBeInTheDocument();
      9 | });

      at printWarning (node_modules/react-dom/cjs/react-dom.development.js:86:30)
      at error (node_modules/react-dom/cjs/react-dom.development.js:60:7)
      at warnOnInvalidKey (node_modules/react-dom/cjs/react-dom.development.js:15293:11)
      at reconcileChildrenArray (node_modules/react-dom/cjs/react-dom.development.js:15330:21)
      at reconcileChildFibers (node_modules/react-dom/cjs/react-dom.development.js:15821:16)
      at reconcileChildren (node_modules/react-dom/cjs/react-dom.development.js:19167:28)
      at updateHostComponent (node_modules/react-dom/cjs/react-dom.development.js:19924:3)
      at beginWork (node_modules/react-dom/cjs/react-dom.development.js:21618:14)
      at beginWork$1 (node_modules/react-dom/cjs/react-dom.development.js:27426:14)
      at performUnitOfWork (node_modules/react-dom/cjs/react-dom.development.js:26560:12)
      at workLoopSync (node_modules/react-dom/cjs/react-dom.development.js:26466:5)
      at renderRootSync (node_modules/react-dom/cjs/react-dom.development.js:26434:7)
      at performConcurrentWorkOnRoot (node_modules/react-dom/cjs/react-dom.development.js:25738:74)
      at flushActQueue (node_modules/react/cjs/react.development.js:2667:24)
      at act (node_modules/react/cjs/react.development.js:2582:11)
      at node_modules/@testing-library/react/dist/act-compat.js:63:25
      at renderRoot (node_modules/@testing-library/react/dist/pure.js:159:26)
      at render (node_modules/@testing-library/react/dist/pure.js:246:10)
      at Object.<anonymous> (src/App.test.tsx:6:11)

    console.error
      Warning: Encountered two children with the same key, `null`. Keys should be unique so that components maintain their identity across updates. Non-unique keys may cause children to be duplicated and/or omitted — the behavior is unsupported and could change in a future version.
          at div
          at /home/runner/work/Team5-MoviePedia/Team5-MoviePedia/node_modules/@emotion/react/dist/emotion-element-b63ca7c6.cjs.dev.js:43:23
          at ChakraComponent (/home/runner/work/Team5-MoviePedia/Team5-MoviePedia/node_modules/@chakra-ui/system/dist/index.js:228:71)
          at Grid2 (/home/runner/work/Team5-MoviePedia/Team5-MoviePedia/node_modules/@chakra-ui/layout/dist/index.js:327:5)
          at SimpleGrid2 (/home/runner/work/Team5-MoviePedia/Team5-MoviePedia/node_modules/@chakra-ui/layout/dist/index.js:618:13)
          at div
          at /home/runner/work/Team5-MoviePedia/Team5-MoviePedia/node_modules/@emotion/react/dist/emotion-element-b63ca7c6.cjs.dev.js:43:23
          at ChakraComponent (/home/runner/work/Team5-MoviePedia/Team5-MoviePedia/node_modules/@chakra-ui/system/dist/index.js:228:71)
          at Container2 (/home/runner/work/Team5-MoviePedia/Team5-MoviePedia/node_modules/@chakra-ui/layout/dist/index.js:232:52)
          at div
          at MovieCards (/home/runner/work/Team5-MoviePedia/Team5-MoviePedia/src/components/MovieCards.tsx:21:5)
          at div
          at /home/runner/work/Team5-MoviePedia/Team5-MoviePedia/node_modules/@emotion/react/dist/emotion-element-b63ca7c6.cjs.dev.js:43:23
          at ChakraComponent (/home/runner/work/Team5-MoviePedia/Team5-MoviePedia/node_modules/@chakra-ui/system/dist/index.js:228:71)
          at div
          at /home/runner/work/Team5-MoviePedia/Team5-MoviePedia/node_modules/@emotion/react/dist/emotion-element-b63ca7c6.cjs.dev.js:43:23
          at ChakraComponent (/home/runner/work/Team5-MoviePedia/Team5-MoviePedia/node_modules/@chakra-ui/system/dist/index.js:228:71)
          at Flex2 (/home/runner/work/Team5-MoviePedia/Team5-MoviePedia/node_modules/@chakra-ui/layout/dist/index.js:307:11)
          at div
          at App (/home/runner/work/Team5-MoviePedia/Team5-MoviePedia/src/App.tsx:32:45)

      4 |
      5 | test("renders learn react link", () => {
    > 6 |     render(<App />);
        |           ^
      7 |     const linkElement = screen.getByText(/learn react/i);
      8 |     expect(linkElement).toBeInTheDocument();
      9 | });

      at printWarning (node_modules/react-dom/cjs/react-dom.development.js:86:30)
      at error (node_modules/react-dom/cjs/react-dom.development.js:60:7)
      at warnOnInvalidKey (node_modules/react-dom/cjs/react-dom.development.js:15293:11)
      at reconcileChildrenArray (node_modules/react-dom/cjs/react-dom.development.js:15330:21)
      at reconcileChildFibers (node_modules/react-dom/cjs/react-dom.development.js:15821:16)
      at reconcileChildren (node_modules/react-dom/cjs/react-dom.development.js:19167:28)
      at updateHostComponent (node_modules/react-dom/cjs/react-dom.development.js:19924:3)
      at beginWork (node_modules/react-dom/cjs/react-dom.development.js:21618:14)
      at beginWork$1 (node_modules/react-dom/cjs/react-dom.development.js:27426:14)
      at performUnitOfWork (node_modules/react-dom/cjs/react-dom.development.js:26560:12)
      at workLoopSync (node_modules/react-dom/cjs/react-dom.development.js:26466:5)
      at renderRootSync (node_modules/react-dom/cjs/react-dom.development.js:26434:7)
      at performConcurrentWorkOnRoot (node_modules/react-dom/cjs/react-dom.development.js:25738:74)
      at flushActQueue (node_modules/react/cjs/react.development.js:2667:24)
      at act (node_modules/react/cjs/react.development.js:2582:11)
      at node_modules/@testing-library/react/dist/act-compat.js:63:25
      at renderRoot (node_modules/@testing-library/react/dist/pure.js:159:26)
      at render (node_modules/@testing-library/react/dist/pure.js:246:10)
      at Object.<anonymous> (src/App.test.tsx:6:11)

    console.error
      Warning: Encountered two children with the same key, `null`. Keys should be unique so that components maintain their identity across updates. Non-unique keys may cause children to be duplicated and/or omitted — the behavior is unsupported and could change in a future version.
          at div
          at /home/runner/work/Team5-MoviePedia/Team5-MoviePedia/node_modules/@emotion/react/dist/emotion-element-b63ca7c6.cjs.dev.js:43:23
          at ChakraComponent (/home/runner/work/Team5-MoviePedia/Team5-MoviePedia/node_modules/@chakra-ui/system/dist/index.js:228:71)
          at Grid2 (/home/runner/work/Team5-MoviePedia/Team5-MoviePedia/node_modules/@chakra-ui/layout/dist/index.js:327:5)
          at SimpleGrid2 (/home/runner/work/Team5-MoviePedia/Team5-MoviePedia/node_modules/@chakra-ui/layout/dist/index.js:618:13)
          at div
          at /home/runner/work/Team5-MoviePedia/Team5-MoviePedia/node_modules/@emotion/react/dist/emotion-element-b63ca7c6.cjs.dev.js:43:23
          at ChakraComponent (/home/runner/work/Team5-MoviePedia/Team5-MoviePedia/node_modules/@chakra-ui/system/dist/index.js:228:71)
          at Container2 (/home/runner/work/Team5-MoviePedia/Team5-MoviePedia/node_modules/@chakra-ui/layout/dist/index.js:232:52)
          at div
          at MovieCards (/home/runner/work/Team5-MoviePedia/Team5-MoviePedia/src/components/MovieCards.tsx:21:5)
          at div
          at /home/runner/work/Team5-MoviePedia/Team5-MoviePedia/node_modules/@emotion/react/dist/emotion-element-b63ca7c6.cjs.dev.js:43:23
          at ChakraComponent (/home/runner/work/Team5-MoviePedia/Team5-MoviePedia/node_modules/@chakra-ui/system/dist/index.js:228:71)
          at div
          at /home/runner/work/Team5-MoviePedia/Team5-MoviePedia/node_modules/@emotion/react/dist/emotion-element-b63ca7c6.cjs.dev.js:43:23
          at ChakraComponent (/home/runner/work/Team5-MoviePedia/Team5-MoviePedia/node_modules/@chakra-ui/system/dist/index.js:228:71)
          at Flex2 (/home/runner/work/Team5-MoviePedia/Team5-MoviePedia/node_modules/@chakra-ui/layout/dist/index.js:307:11)
          at div
          at App (/home/runner/work/Team5-MoviePedia/Team5-MoviePedia/src/App.tsx:32:45)

      4 |
      5 | test("renders learn react link", () => {
    > 6 |     render(<App />);
        |           ^
      7 |     const linkElement = screen.getByText(/learn react/i);
      8 |     expect(linkElement).toBeInTheDocument();
      9 | });

      at printWarning (node_modules/react-dom/cjs/react-dom.development.js:86:30)
      at error (node_modules/react-dom/cjs/react-dom.development.js:60:7)
      at warnOnInvalidKey (node_modules/react-dom/cjs/react-dom.development.js:15293:11)
      at reconcileChildrenArray (node_modules/react-dom/cjs/react-dom.development.js:15330:21)
      at reconcileChildFibers (node_modules/react-dom/cjs/react-dom.development.js:15821:16)
      at reconcileChildren (node_modules/react-dom/cjs/react-dom.development.js:19167:28)
      at updateHostComponent (node_modules/react-dom/cjs/react-dom.development.js:19924:3)
      at beginWork (node_modules/react-dom/cjs/react-dom.development.js:21618:14)
      at beginWork$1 (node_modules/react-dom/cjs/react-dom.development.js:27426:14)
      at performUnitOfWork (node_modules/react-dom/cjs/react-dom.development.js:26560:12)
      at workLoopSync (node_modules/react-dom/cjs/react-dom.development.js:26466:5)
      at renderRootSync (node_modules/react-dom/cjs/react-dom.development.js:26434:7)
      at performConcurrentWorkOnRoot (node_modules/react-dom/cjs/react-dom.development.js:25738:74)
      at flushActQueue (node_modules/react/cjs/react.development.js:2667:24)
      at act (node_modules/react/cjs/react.development.js:2582:11)
      at node_modules/@testing-library/react/dist/act-compat.js:63:25
      at renderRoot (node_modules/@testing-library/react/dist/pure.js:159:26)
      at render (node_modules/@testing-library/react/dist/pure.js:246:10)
      at Object.<anonymous> (src/App.test.tsx:6:11)

    console.error
      Warning: Encountered two children with the same key, `null`. Keys should be unique so that components maintain their identity across updates. Non-unique keys may cause children to be duplicated and/or omitted — the behavior is unsupported and could change in a future version.
          at div
          at /home/runner/work/Team5-MoviePedia/Team5-MoviePedia/node_modules/@emotion/react/dist/emotion-element-b63ca7c6.cjs.dev.js:43:23
          at ChakraComponent (/home/runner/work/Team5-MoviePedia/Team5-MoviePedia/node_modules/@chakra-ui/system/dist/index.js:228:71)
          at Grid2 (/home/runner/work/Team5-MoviePedia/Team5-MoviePedia/node_modules/@chakra-ui/layout/dist/index.js:327:5)
          at SimpleGrid2 (/home/runner/work/Team5-MoviePedia/Team5-MoviePedia/node_modules/@chakra-ui/layout/dist/index.js:618:13)
          at div
          at /home/runner/work/Team5-MoviePedia/Team5-MoviePedia/node_modules/@emotion/react/dist/emotion-element-b63ca7c6.cjs.dev.js:43:23
          at ChakraComponent (/home/runner/work/Team5-MoviePedia/Team5-MoviePedia/node_modules/@chakra-ui/system/dist/index.js:228:71)
          at Container2 (/home/runner/work/Team5-MoviePedia/Team5-MoviePedia/node_modules/@chakra-ui/layout/dist/index.js:232:52)
          at div
          at MovieCards (/home/runner/work/Team5-MoviePedia/Team5-MoviePedia/src/components/MovieCards.tsx:21:5)
          at div
          at /home/runner/work/Team5-MoviePedia/Team5-MoviePedia/node_modules/@emotion/react/dist/emotion-element-b63ca7c6.cjs.dev.js:43:23
          at ChakraComponent (/home/runner/work/Team5-MoviePedia/Team5-MoviePedia/node_modules/@chakra-ui/system/dist/index.js:228:71)
          at div
          at /home/runner/work/Team5-MoviePedia/Team5-MoviePedia/node_modules/@emotion/react/dist/emotion-element-b63ca7c6.cjs.dev.js:43:23
          at ChakraComponent (/home/runner/work/Team5-MoviePedia/Team5-MoviePedia/node_modules/@chakra-ui/system/dist/index.js:228:71)
          at Flex2 (/home/runner/work/Team5-MoviePedia/Team5-MoviePedia/node_modules/@chakra-ui/layout/dist/index.js:307:11)
          at div
          at App (/home/runner/work/Team5-MoviePedia/Team5-MoviePedia/src/App.tsx:32:45)

      4 |
      5 | test("renders learn react link", () => {
    > 6 |     render(<App />);
        |           ^
      7 |     const linkElement = screen.getByText(/learn react/i);
      8 |     expect(linkElement).toBeInTheDocument();
      9 | });

      at printWarning (node_modules/react-dom/cjs/react-dom.development.js:86:30)
      at error (node_modules/react-dom/cjs/react-dom.development.js:60:7)
      at warnOnInvalidKey (node_modules/react-dom/cjs/react-dom.development.js:15293:11)
      at reconcileChildrenArray (node_modules/react-dom/cjs/react-dom.development.js:15330:21)
      at reconcileChildFibers (node_modules/react-dom/cjs/react-dom.development.js:15821:16)
      at reconcileChildren (node_modules/react-dom/cjs/react-dom.development.js:19167:28)
      at updateHostComponent (node_modules/react-dom/cjs/react-dom.development.js:19924:3)
      at beginWork (node_modules/react-dom/cjs/react-dom.development.js:21618:14)
      at beginWork$1 (node_modules/react-dom/cjs/react-dom.development.js:27426:14)
      at performUnitOfWork (node_modules/react-dom/cjs/react-dom.development.js:26560:12)
      at workLoopSync (node_modules/react-dom/cjs/react-dom.development.js:26466:5)
      at renderRootSync (node_modules/react-dom/cjs/react-dom.development.js:26434:7)
      at performConcurrentWorkOnRoot (node_modules/react-dom/cjs/react-dom.development.js:25738:74)
      at flushActQueue (node_modules/react/cjs/react.development.js:2667:24)
      at act (node_modules/react/cjs/react.development.js:2582:11)
      at node_modules/@testing-library/react/dist/act-compat.js:63:25
      at renderRoot (node_modules/@testing-library/react/dist/pure.js:159:26)
      at render (node_modules/@testing-library/react/dist/pure.js:246:10)
      at Object.<anonymous> (src/App.test.tsx:6:11)

    console.error
      Warning: Encountered two children with the same key, `null`. Keys should be unique so that components maintain their identity across updates. Non-unique keys may cause children to be duplicated and/or omitted — the behavior is unsupported and could change in a future version.
          at div
          at /home/runner/work/Team5-MoviePedia/Team5-MoviePedia/node_modules/@emotion/react/dist/emotion-element-b63ca7c6.cjs.dev.js:43:23
          at ChakraComponent (/home/runner/work/Team5-MoviePedia/Team5-MoviePedia/node_modules/@chakra-ui/system/dist/index.js:228:71)
          at Grid2 (/home/runner/work/Team5-MoviePedia/Team5-MoviePedia/node_modules/@chakra-ui/layout/dist/index.js:327:5)
          at SimpleGrid2 (/home/runner/work/Team5-MoviePedia/Team5-MoviePedia/node_modules/@chakra-ui/layout/dist/index.js:618:13)
          at div
          at /home/runner/work/Team5-MoviePedia/Team5-MoviePedia/node_modules/@emotion/react/dist/emotion-element-b63ca7c6.cjs.dev.js:43:23
          at ChakraComponent (/home/runner/work/Team5-MoviePedia/Team5-MoviePedia/node_modules/@chakra-ui/system/dist/index.js:228:71)
          at Container2 (/home/runner/work/Team5-MoviePedia/Team5-MoviePedia/node_modules/@chakra-ui/layout/dist/index.js:232:52)
          at div
          at MovieCards (/home/runner/work/Team5-MoviePedia/Team5-MoviePedia/src/components/MovieCards.tsx:21:5)
          at div
          at /home/runner/work/Team5-MoviePedia/Team5-MoviePedia/node_modules/@emotion/react/dist/emotion-element-b63ca7c6.cjs.dev.js:43:23
          at ChakraComponent (/home/runner/work/Team5-MoviePedia/Team5-MoviePedia/node_modules/@chakra-ui/system/dist/index.js:228:71)
          at div
          at /home/runner/work/Team5-MoviePedia/Team5-MoviePedia/node_modules/@emotion/react/dist/emotion-element-b63ca7c6.cjs.dev.js:43:23
          at ChakraComponent (/home/runner/work/Team5-MoviePedia/Team5-MoviePedia/node_modules/@chakra-ui/system/dist/index.js:228:71)
          at Flex2 (/home/runner/work/Team5-MoviePedia/Team5-MoviePedia/node_modules/@chakra-ui/layout/dist/index.js:307:11)
          at div
          at App (/home/runner/work/Team5-MoviePedia/Team5-MoviePedia/src/App.tsx:32:45)

      4 |
      5 | test("renders learn react link", () => {
    > 6 |     render(<App />);
        |           ^
      7 |     const linkElement = screen.getByText(/learn react/i);
      8 |     expect(linkElement).toBeInTheDocument();
      9 | });

      at printWarning (node_modules/react-dom/cjs/react-dom.development.js:86:30)
      at error (node_modules/react-dom/cjs/react-dom.development.js:60:7)
      at warnOnInvalidKey (node_modules/react-dom/cjs/react-dom.development.js:15293:11)
      at reconcileChildrenArray (node_modules/react-dom/cjs/react-dom.development.js:15330:21)
      at reconcileChildFibers (node_modules/react-dom/cjs/react-dom.development.js:15821:16)
      at reconcileChildren (node_modules/react-dom/cjs/react-dom.development.js:19167:28)
      at updateHostComponent (node_modules/react-dom/cjs/react-dom.development.js:19924:3)
      at beginWork (node_modules/react-dom/cjs/react-dom.development.js:21618:14)
      at beginWork$1 (node_modules/react-dom/cjs/react-dom.development.js:27426:14)
      at performUnitOfWork (node_modules/react-dom/cjs/react-dom.development.js:26560:12)
      at workLoopSync (node_modules/react-dom/cjs/react-dom.development.js:26466:5)
      at renderRootSync (node_modules/react-dom/cjs/react-dom.development.js:26434:7)
      at performConcurrentWorkOnRoot (node_modules/react-dom/cjs/react-dom.development.js:25738:74)
      at flushActQueue (node_modules/react/cjs/react.development.js:2667:24)
      at act (node_modules/react/cjs/react.development.js:2582:11)
      at node_modules/@testing-library/react/dist/act-compat.js:63:25
      at renderRoot (node_modules/@testing-library/react/dist/pure.js:159:26)
      at render (node_modules/@testing-library/react/dist/pure.js:246:10)
      at Object.<anonymous> (src/App.test.tsx:6:11)

    console.error
      Warning: Encountered two children with the same key, `null`. Keys should be unique so that components maintain their identity across updates. Non-unique keys may cause children to be duplicated and/or omitted — the behavior is unsupported and could change in a future version.
          at div
          at /home/runner/work/Team5-MoviePedia/Team5-MoviePedia/node_modules/@emotion/react/dist/emotion-element-b63ca7c6.cjs.dev.js:43:23
          at ChakraComponent (/home/runner/work/Team5-MoviePedia/Team5-MoviePedia/node_modules/@chakra-ui/system/dist/index.js:228:71)
          at Grid2 (/home/runner/work/Team5-MoviePedia/Team5-MoviePedia/node_modules/@chakra-ui/layout/dist/index.js:327:5)
          at SimpleGrid2 (/home/runner/work/Team5-MoviePedia/Team5-MoviePedia/node_modules/@chakra-ui/layout/dist/index.js:618:13)
          at div
          at /home/runner/work/Team5-MoviePedia/Team5-MoviePedia/node_modules/@emotion/react/dist/emotion-element-b63ca7c6.cjs.dev.js:43:23
          at ChakraComponent (/home/runner/work/Team5-MoviePedia/Team5-MoviePedia/node_modules/@chakra-ui/system/dist/index.js:228:71)
          at Container2 (/home/runner/work/Team5-MoviePedia/Team5-MoviePedia/node_modules/@chakra-ui/layout/dist/index.js:232:52)
          at div
          at MovieCards (/home/runner/work/Team5-MoviePedia/Team5-MoviePedia/src/components/MovieCards.tsx:21:5)
          at div
          at /home/runner/work/Team5-MoviePedia/Team5-MoviePedia/node_modules/@emotion/react/dist/emotion-element-b63ca7c6.cjs.dev.js:43:23
          at ChakraComponent (/home/runner/work/Team5-MoviePedia/Team5-MoviePedia/node_modules/@chakra-ui/system/dist/index.js:228:71)
          at div
          at /home/runner/work/Team5-MoviePedia/Team5-MoviePedia/node_modules/@emotion/react/dist/emotion-element-b63ca7c6.cjs.dev.js:43:23
          at ChakraComponent (/home/runner/work/Team5-MoviePedia/Team5-MoviePedia/node_modules/@chakra-ui/system/dist/index.js:228:71)
          at Flex2 (/home/runner/work/Team5-MoviePedia/Team5-MoviePedia/node_modules/@chakra-ui/layout/dist/index.js:307:11)
          at div
          at App (/home/runner/work/Team5-MoviePedia/Team5-MoviePedia/src/App.tsx:32:45)

      4 |
      5 | test("renders learn react link", () => {
    > 6 |     render(<App />);
        |           ^
      7 |     const linkElement = screen.getByText(/learn react/i);
      8 |     expect(linkElement).toBeInTheDocument();
      9 | });

      at printWarning (node_modules/react-dom/cjs/react-dom.development.js:86:30)
      at error (node_modules/react-dom/cjs/react-dom.development.js:60:7)
      at warnOnInvalidKey (node_modules/react-dom/cjs/react-dom.development.js:15293:11)
      at reconcileChildrenArray (node_modules/react-dom/cjs/react-dom.development.js:15330:21)
      at reconcileChildFibers (node_modules/react-dom/cjs/react-dom.development.js:15821:16)
      at reconcileChildren (node_modules/react-dom/cjs/react-dom.development.js:19167:28)
      at updateHostComponent (node_modules/react-dom/cjs/react-dom.development.js:19924:3)
      at beginWork (node_modules/react-dom/cjs/react-dom.development.js:21618:14)
      at beginWork$1 (node_modules/react-dom/cjs/react-dom.development.js:27426:14)
      at performUnitOfWork (node_modules/react-dom/cjs/react-dom.development.js:26560:12)
      at workLoopSync (node_modules/react-dom/cjs/react-dom.development.js:26466:5)
      at renderRootSync (node_modules/react-dom/cjs/react-dom.development.js:26434:7)
      at performConcurrentWorkOnRoot (node_modules/react-dom/cjs/react-dom.development.js:25738:74)
      at flushActQueue (node_modules/react/cjs/react.development.js:2667:24)
      at act (node_modules/react/cjs/react.development.js:2582:11)
      at node_modules/@testing-library/react/dist/act-compat.js:63:25
      at renderRoot (node_modules/@testing-library/react/dist/pure.js:159:26)
      at render (node_modules/@testing-library/react/dist/pure.js:246:10)
      at Object.<anonymous> (src/App.test.tsx:6:11)

    console.error
      Warning: Encountered two children with the same key, `null`. Keys should be unique so that components maintain their identity across updates. Non-unique keys may cause children to be duplicated and/or omitted — the behavior is unsupported and could change in a future version.
          at div
          at /home/runner/work/Team5-MoviePedia/Team5-MoviePedia/node_modules/@emotion/react/dist/emotion-element-b63ca7c6.cjs.dev.js:43:23
          at ChakraComponent (/home/runner/work/Team5-MoviePedia/Team5-MoviePedia/node_modules/@chakra-ui/system/dist/index.js:228:71)
          at Grid2 (/home/runner/work/Team5-MoviePedia/Team5-MoviePedia/node_modules/@chakra-ui/layout/dist/index.js:327:5)
          at SimpleGrid2 (/home/runner/work/Team5-MoviePedia/Team5-MoviePedia/node_modules/@chakra-ui/layout/dist/index.js:618:13)
          at div
          at /home/runner/work/Team5-MoviePedia/Team5-MoviePedia/node_modules/@emotion/react/dist/emotion-element-b63ca7c6.cjs.dev.js:43:23
          at ChakraComponent (/home/runner/work/Team5-MoviePedia/Team5-MoviePedia/node_modules/@chakra-ui/system/dist/index.js:228:71)
          at Container2 (/home/runner/work/Team5-MoviePedia/Team5-MoviePedia/node_modules/@chakra-ui/layout/dist/index.js:232:52)
          at div
          at MovieCards (/home/runner/work/Team5-MoviePedia/Team5-MoviePedia/src/components/MovieCards.tsx:21:5)
          at div
          at /home/runner/work/Team5-MoviePedia/Team5-MoviePedia/node_modules/@emotion/react/dist/emotion-element-b63ca7c6.cjs.dev.js:43:23
          at ChakraComponent (/home/runner/work/Team5-MoviePedia/Team5-MoviePedia/node_modules/@chakra-ui/system/dist/index.js:228:71)
          at div
          at /home/runner/work/Team5-MoviePedia/Team5-MoviePedia/node_modules/@emotion/react/dist/emotion-element-b63ca7c6.cjs.dev.js:43:23
          at ChakraComponent (/home/runner/work/Team5-MoviePedia/Team5-MoviePedia/node_modules/@chakra-ui/system/dist/index.js:228:71)
          at Flex2 (/home/runner/work/Team5-MoviePedia/Team5-MoviePedia/node_modules/@chakra-ui/layout/dist/index.js:307:11)
          at div
          at App (/home/runner/work/Team5-MoviePedia/Team5-MoviePedia/src/App.tsx:32:45)

      4 |
      5 | test("renders learn react link", () => {
    > 6 |     render(<App />);
        |           ^
      7 |     const linkElement = screen.getByText(/learn react/i);
      8 |     expect(linkElement).toBeInTheDocument();
      9 | });

      at printWarning (node_modules/react-dom/cjs/react-dom.development.js:86:30)
      at error (node_modules/react-dom/cjs/react-dom.development.js:60:7)
      at warnOnInvalidKey (node_modules/react-dom/cjs/react-dom.development.js:15293:11)
      at reconcileChildrenArray (node_modules/react-dom/cjs/react-dom.development.js:15330:21)
      at reconcileChildFibers (node_modules/react-dom/cjs/react-dom.development.js:15821:16)
      at reconcileChildren (node_modules/react-dom/cjs/react-dom.development.js:19167:28)
      at updateHostComponent (node_modules/react-dom/cjs/react-dom.development.js:19924:3)
      at beginWork (node_modules/react-dom/cjs/react-dom.development.js:21618:14)
      at beginWork$1 (node_modules/react-dom/cjs/react-dom.development.js:27426:14)
      at performUnitOfWork (node_modules/react-dom/cjs/react-dom.development.js:26560:12)
      at workLoopSync (node_modules/react-dom/cjs/react-dom.development.js:26466:5)
      at renderRootSync (node_modules/react-dom/cjs/react-dom.development.js:26434:7)
      at performConcurrentWorkOnRoot (node_modules/react-dom/cjs/react-dom.development.js:25738:74)
      at flushActQueue (node_modules/react/cjs/react.development.js:2667:24)
      at act (node_modules/react/cjs/react.development.js:2582:11)
      at node_modules/@testing-library/react/dist/act-compat.js:63:25
      at renderRoot (node_modules/@testing-library/react/dist/pure.js:159:26)
      at render (node_modules/@testing-library/react/dist/pure.js:246:10)
      at Object.<anonymous> (src/App.test.tsx:6:11)

    console.error
      Warning: Encountered two children with the same key, `null`. Keys should be unique so that components maintain their identity across updates. Non-unique keys may cause children to be duplicated and/or omitted — the behavior is unsupported and could change in a future version.
          at div
          at /home/runner/work/Team5-MoviePedia/Team5-MoviePedia/node_modules/@emotion/react/dist/emotion-element-b63ca7c6.cjs.dev.js:43:23
          at ChakraComponent (/home/runner/work/Team5-MoviePedia/Team5-MoviePedia/node_modules/@chakra-ui/system/dist/index.js:228:71)
          at Grid2 (/home/runner/work/Team5-MoviePedia/Team5-MoviePedia/node_modules/@chakra-ui/layout/dist/index.js:327:5)
          at SimpleGrid2 (/home/runner/work/Team5-MoviePedia/Team5-MoviePedia/node_modules/@chakra-ui/layout/dist/index.js:618:13)
          at div
          at /home/runner/work/Team5-MoviePedia/Team5-MoviePedia/node_modules/@emotion/react/dist/emotion-element-b63ca7c6.cjs.dev.js:43:23
          at ChakraComponent (/home/runner/work/Team5-MoviePedia/Team5-MoviePedia/node_modules/@chakra-ui/system/dist/index.js:228:71)
          at Container2 (/home/runner/work/Team5-MoviePedia/Team5-MoviePedia/node_modules/@chakra-ui/layout/dist/index.js:232:52)
          at div
          at MovieCards (/home/runner/work/Team5-MoviePedia/Team5-MoviePedia/src/components/MovieCards.tsx:21:5)
          at div
          at /home/runner/work/Team5-MoviePedia/Team5-MoviePedia/node_modules/@emotion/react/dist/emotion-element-b63ca7c6.cjs.dev.js:43:23
          at ChakraComponent (/home/runner/work/Team5-MoviePedia/Team5-MoviePedia/node_modules/@chakra-ui/system/dist/index.js:228:71)
          at div
          at /home/runner/work/Team5-MoviePedia/Team5-MoviePedia/node_modules/@emotion/react/dist/emotion-element-b63ca7c6.cjs.dev.js:43:23
          at ChakraComponent (/home/runner/work/Team5-MoviePedia/Team5-MoviePedia/node_modules/@chakra-ui/system/dist/index.js:228:71)
          at Flex2 (/home/runner/work/Team5-MoviePedia/Team5-MoviePedia/node_modules/@chakra-ui/layout/dist/index.js:307:11)
          at div
          at App (/home/runner/work/Team5-MoviePedia/Team5-MoviePedia/src/App.tsx:32:45)

      4 |
      5 | test("renders learn react link", () => {
    > 6 |     render(<App />);
        |           ^
      7 |     const linkElement = screen.getByText(/learn react/i);
      8 |     expect(linkElement).toBeInTheDocument();
      9 | });

      at printWarning (node_modules/react-dom/cjs/react-dom.development.js:86:30)
      at error (node_modules/react-dom/cjs/react-dom.development.js:60:7)
      at warnOnInvalidKey (node_modules/react-dom/cjs/react-dom.development.js:15293:11)
      at reconcileChildrenArray (node_modules/react-dom/cjs/react-dom.development.js:15330:21)
      at reconcileChildFibers (node_modules/react-dom/cjs/react-dom.development.js:15821:16)
      at reconcileChildren (node_modules/react-dom/cjs/react-dom.development.js:19167:28)
      at updateHostComponent (node_modules/react-dom/cjs/react-dom.development.js:19924:3)
      at beginWork (node_modules/react-dom/cjs/react-dom.development.js:21618:14)
      at beginWork$1 (node_modules/react-dom/cjs/react-dom.development.js:27426:14)
      at performUnitOfWork (node_modules/react-dom/cjs/react-dom.development.js:26560:12)
      at workLoopSync (node_modules/react-dom/cjs/react-dom.development.js:26466:5)
      at renderRootSync (node_modules/react-dom/cjs/react-dom.development.js:26434:7)
      at performConcurrentWorkOnRoot (node_modules/react-dom/cjs/react-dom.development.js:25738:74)
      at flushActQueue (node_modules/react/cjs/react.development.js:2667:24)
      at act (node_modules/react/cjs/react.development.js:2582:11)
      at node_modules/@testing-library/react/dist/act-compat.js:63:25
      at renderRoot (node_modules/@testing-library/react/dist/pure.js:159:26)
      at render (node_modules/@testing-library/react/dist/pure.js:246:10)
      at Object.<anonymous> (src/App.test.tsx:6:11)

    console.error
      Warning: Encountered two children with the same key, `null`. Keys should be unique so that components maintain their identity across updates. Non-unique keys may cause children to be duplicated and/or omitted — the behavior is unsupported and could change in a future version.
          at div
          at /home/runner/work/Team5-MoviePedia/Team5-MoviePedia/node_modules/@emotion/react/dist/emotion-element-b63ca7c6.cjs.dev.js:43:23
          at ChakraComponent (/home/runner/work/Team5-MoviePedia/Team5-MoviePedia/node_modules/@chakra-ui/system/dist/index.js:228:71)
          at Grid2 (/home/runner/work/Team5-MoviePedia/Team5-MoviePedia/node_modules/@chakra-ui/layout/dist/index.js:327:5)
          at SimpleGrid2 (/home/runner/work/Team5-MoviePedia/Team5-MoviePedia/node_modules/@chakra-ui/layout/dist/index.js:618:13)
          at div
          at /home/runner/work/Team5-MoviePedia/Team5-MoviePedia/node_modules/@emotion/react/dist/emotion-element-b63ca7c6.cjs.dev.js:43:23
          at ChakraComponent (/home/runner/work/Team5-MoviePedia/Team5-MoviePedia/node_modules/@chakra-ui/system/dist/index.js:228:71)
          at Container2 (/home/runner/work/Team5-MoviePedia/Team5-MoviePedia/node_modules/@chakra-ui/layout/dist/index.js:232:52)
          at div
          at MovieCards (/home/runner/work/Team5-MoviePedia/Team5-MoviePedia/src/components/MovieCards.tsx:21:5)
          at div
          at /home/runner/work/Team5-MoviePedia/Team5-MoviePedia/node_modules/@emotion/react/dist/emotion-element-b63ca7c6.cjs.dev.js:43:23
          at ChakraComponent (/home/runner/work/Team5-MoviePedia/Team5-MoviePedia/node_modules/@chakra-ui/system/dist/index.js:228:71)
          at div
          at /home/runner/work/Team5-MoviePedia/Team5-MoviePedia/node_modules/@emotion/react/dist/emotion-element-b63ca7c6.cjs.dev.js:43:23
          at ChakraComponent (/home/runner/work/Team5-MoviePedia/Team5-MoviePedia/node_modules/@chakra-ui/system/dist/index.js:228:71)
          at Flex2 (/home/runner/work/Team5-MoviePedia/Team5-MoviePedia/node_modules/@chakra-ui/layout/dist/index.js:307:11)
          at div
          at App (/home/runner/work/Team5-MoviePedia/Team5-MoviePedia/src/App.tsx:32:45)

      4 |
      5 | test("renders learn react link", () => {
    > 6 |     render(<App />);
        |           ^
      7 |     const linkElement = screen.getByText(/learn react/i);
      8 |     expect(linkElement).toBeInTheDocument();
      9 | });

      at printWarning (node_modules/react-dom/cjs/react-dom.development.js:86:30)
      at error (node_modules/react-dom/cjs/react-dom.development.js:60:7)
      at warnOnInvalidKey (node_modules/react-dom/cjs/react-dom.development.js:15293:11)
      at reconcileChildrenArray (node_modules/react-dom/cjs/react-dom.development.js:15330:21)
      at reconcileChildFibers (node_modules/react-dom/cjs/react-dom.development.js:15821:16)
      at reconcileChildren (node_modules/react-dom/cjs/react-dom.development.js:19167:28)
      at updateHostComponent (node_modules/react-dom/cjs/react-dom.development.js:19924:3)
      at beginWork (node_modules/react-dom/cjs/react-dom.development.js:21618:14)
      at beginWork$1 (node_modules/react-dom/cjs/react-dom.development.js:27426:14)
      at performUnitOfWork (node_modules/react-dom/cjs/react-dom.development.js:26560:12)
      at workLoopSync (node_modules/react-dom/cjs/react-dom.development.js:26466:5)
      at renderRootSync (node_modules/react-dom/cjs/react-dom.development.js:26434:7)
      at performConcurrentWorkOnRoot (node_modules/react-dom/cjs/react-dom.development.js:25738:74)
      at flushActQueue (node_modules/react/cjs/react.development.js:2667:24)
      at act (node_modules/react/cjs/react.development.js:2582:11)
      at node_modules/@testing-library/react/dist/act-compat.js:63:25
      at renderRoot (node_modules/@testing-library/react/dist/pure.js:159:26)
      at render (node_modules/@testing-library/react/dist/pure.js:246:10)
      at Object.<anonymous> (src/App.test.tsx:6:11)

    console.error
      Warning: Encountered two children with the same key, `null`. Keys should be unique so that components maintain their identity across updates. Non-unique keys may cause children to be duplicated and/or omitted — the behavior is unsupported and could change in a future version.
          at div
          at /home/runner/work/Team5-MoviePedia/Team5-MoviePedia/node_modules/@emotion/react/dist/emotion-element-b63ca7c6.cjs.dev.js:43:23
          at ChakraComponent (/home/runner/work/Team5-MoviePedia/Team5-MoviePedia/node_modules/@chakra-ui/system/dist/index.js:228:71)
          at Grid2 (/home/runner/work/Team5-MoviePedia/Team5-MoviePedia/node_modules/@chakra-ui/layout/dist/index.js:327:5)
          at SimpleGrid2 (/home/runner/work/Team5-MoviePedia/Team5-MoviePedia/node_modules/@chakra-ui/layout/dist/index.js:618:13)
          at div
          at /home/runner/work/Team5-MoviePedia/Team5-MoviePedia/node_modules/@emotion/react/dist/emotion-element-b63ca7c6.cjs.dev.js:43:23
          at ChakraComponent (/home/runner/work/Team5-MoviePedia/Team5-MoviePedia/node_modules/@chakra-ui/system/dist/index.js:228:71)
          at Container2 (/home/runner/work/Team5-MoviePedia/Team5-MoviePedia/node_modules/@chakra-ui/layout/dist/index.js:232:52)
          at div
          at MovieCards (/home/runner/work/Team5-MoviePedia/Team5-MoviePedia/src/components/MovieCards.tsx:21:5)
          at div
          at /home/runner/work/Team5-MoviePedia/Team5-MoviePedia/node_modules/@emotion/react/dist/emotion-element-b63ca7c6.cjs.dev.js:43:23
          at ChakraComponent (/home/runner/work/Team5-MoviePedia/Team5-MoviePedia/node_modules/@chakra-ui/system/dist/index.js:228:71)
          at div
          at /home/runner/work/Team5-MoviePedia/Team5-MoviePedia/node_modules/@emotion/react/dist/emotion-element-b63ca7c6.cjs.dev.js:43:23
          at ChakraComponent (/home/runner/work/Team5-MoviePedia/Team5-MoviePedia/node_modules/@chakra-ui/system/dist/index.js:228:71)
          at Flex2 (/home/runner/work/Team5-MoviePedia/Team5-MoviePedia/node_modules/@chakra-ui/layout/dist/index.js:307:11)
          at div
          at App (/home/runner/work/Team5-MoviePedia/Team5-MoviePedia/src/App.tsx:32:45)

      4 |
      5 | test("renders learn react link", () => {
    > 6 |     render(<App />);
        |           ^
      7 |     const linkElement = screen.getByText(/learn react/i);
      8 |     expect(linkElement).toBeInTheDocument();
      9 | });

      at printWarning (node_modules/react-dom/cjs/react-dom.development.js:86:30)
      at error (node_modules/react-dom/cjs/react-dom.development.js:60:7)
      at warnOnInvalidKey (node_modules/react-dom/cjs/react-dom.development.js:15293:11)
      at reconcileChildrenArray (node_modules/react-dom/cjs/react-dom.development.js:15330:21)
      at reconcileChildFibers (node_modules/react-dom/cjs/react-dom.development.js:15821:16)
      at reconcileChildren (node_modules/react-dom/cjs/react-dom.development.js:19167:28)
      at updateHostComponent (node_modules/react-dom/cjs/react-dom.development.js:19924:3)
      at beginWork (node_modules/react-dom/cjs/react-dom.development.js:21618:14)
      at beginWork$1 (node_modules/react-dom/cjs/react-dom.development.js:27426:14)
      at performUnitOfWork (node_modules/react-dom/cjs/react-dom.development.js:26560:12)
      at workLoopSync (node_modules/react-dom/cjs/react-dom.development.js:26466:5)
      at renderRootSync (node_modules/react-dom/cjs/react-dom.development.js:26434:7)
      at performConcurrentWorkOnRoot (node_modules/react-dom/cjs/react-dom.development.js:25738:74)
      at flushActQueue (node_modules/react/cjs/react.development.js:2667:24)
      at act (node_modules/react/cjs/react.development.js:2582:11)
      at node_modules/@testing-library/react/dist/act-compat.js:63:25
      at renderRoot (node_modules/@testing-library/react/dist/pure.js:159:26)
      at render (node_modules/@testing-library/react/dist/pure.js:246:10)
      at Object.<anonymous> (src/App.test.tsx:6:11)

    console.error
      Warning: Encountered two children with the same key, `null`. Keys should be unique so that components maintain their identity across updates. Non-unique keys may cause children to be duplicated and/or omitted — the behavior is unsupported and could change in a future version.
          at div
          at /home/runner/work/Team5-MoviePedia/Team5-MoviePedia/node_modules/@emotion/react/dist/emotion-element-b63ca7c6.cjs.dev.js:43:23
          at ChakraComponent (/home/runner/work/Team5-MoviePedia/Team5-MoviePedia/node_modules/@chakra-ui/system/dist/index.js:228:71)
          at Grid2 (/home/runner/work/Team5-MoviePedia/Team5-MoviePedia/node_modules/@chakra-ui/layout/dist/index.js:327:5)
          at SimpleGrid2 (/home/runner/work/Team5-MoviePedia/Team5-MoviePedia/node_modules/@chakra-ui/layout/dist/index.js:618:13)
          at div
          at /home/runner/work/Team5-MoviePedia/Team5-MoviePedia/node_modules/@emotion/react/dist/emotion-element-b63ca7c6.cjs.dev.js:43:23
          at ChakraComponent (/home/runner/work/Team5-MoviePedia/Team5-MoviePedia/node_modules/@chakra-ui/system/dist/index.js:228:71)
          at Container2 (/home/runner/work/Team5-MoviePedia/Team5-MoviePedia/node_modules/@chakra-ui/layout/dist/index.js:232:52)
          at div
          at MovieCards (/home/runner/work/Team5-MoviePedia/Team5-MoviePedia/src/components/MovieCards.tsx:21:5)
          at div
          at /home/runner/work/Team5-MoviePedia/Team5-MoviePedia/node_modules/@emotion/react/dist/emotion-element-b63ca7c6.cjs.dev.js:43:23
          at ChakraComponent (/home/runner/work/Team5-MoviePedia/Team5-MoviePedia/node_modules/@chakra-ui/system/dist/index.js:228:71)
          at div
          at /home/runner/work/Team5-MoviePedia/Team5-MoviePedia/node_modules/@emotion/react/dist/emotion-element-b63ca7c6.cjs.dev.js:43:23
          at ChakraComponent (/home/runner/work/Team5-MoviePedia/Team5-MoviePedia/node_modules/@chakra-ui/system/dist/index.js:228:71)
          at Flex2 (/home/runner/work/Team5-MoviePedia/Team5-MoviePedia/node_modules/@chakra-ui/layout/dist/index.js:307:11)
          at div
          at App (/home/runner/work/Team5-MoviePedia/Team5-MoviePedia/src/App.tsx:32:45)

      4 |
      5 | test("renders learn react link", () => {
    > 6 |     render(<App />);
        |           ^
      7 |     const linkElement = screen.getByText(/learn react/i);
      8 |     expect(linkElement).toBeInTheDocument();
      9 | });

      at printWarning (node_modules/react-dom/cjs/react-dom.development.js:86:30)
      at error (node_modules/react-dom/cjs/react-dom.development.js:60:7)
      at warnOnInvalidKey (node_modules/react-dom/cjs/react-dom.development.js:15293:11)
      at reconcileChildrenArray (node_modules/react-dom/cjs/react-dom.development.js:15330:21)
      at reconcileChildFibers (node_modules/react-dom/cjs/react-dom.development.js:15821:16)
      at reconcileChildren (node_modules/react-dom/cjs/react-dom.development.js:19167:28)
      at updateHostComponent (node_modules/react-dom/cjs/react-dom.development.js:19924:3)
      at beginWork (node_modules/react-dom/cjs/react-dom.development.js:21618:14)
      at beginWork$1 (node_modules/react-dom/cjs/react-dom.development.js:27426:14)
      at performUnitOfWork (node_modules/react-dom/cjs/react-dom.development.js:26560:12)
      at workLoopSync (node_modules/react-dom/cjs/react-dom.development.js:26466:5)
      at renderRootSync (node_modules/react-dom/cjs/react-dom.development.js:26434:7)
      at performConcurrentWorkOnRoot (node_modules/react-dom/cjs/react-dom.development.js:25738:74)
      at flushActQueue (node_modules/react/cjs/react.development.js:2667:24)
      at act (node_modules/react/cjs/react.development.js:2582:11)
      at node_modules/@testing-library/react/dist/act-compat.js:63:25
      at renderRoot (node_modules/@testing-library/react/dist/pure.js:159:26)
      at render (node_modules/@testing-library/react/dist/pure.js:246:10)
      at Object.<anonymous> (src/App.test.tsx:6:11)

    console.error
      Warning: Encountered two children with the same key, `null`. Keys should be unique so that components maintain their identity across updates. Non-unique keys may cause children to be duplicated and/or omitted — the behavior is unsupported and could change in a future version.
          at div
          at /home/runner/work/Team5-MoviePedia/Team5-MoviePedia/node_modules/@emotion/react/dist/emotion-element-b63ca7c6.cjs.dev.js:43:23
          at ChakraComponent (/home/runner/work/Team5-MoviePedia/Team5-MoviePedia/node_modules/@chakra-ui/system/dist/index.js:228:71)
          at Grid2 (/home/runner/work/Team5-MoviePedia/Team5-MoviePedia/node_modules/@chakra-ui/layout/dist/index.js:327:5)
          at SimpleGrid2 (/home/runner/work/Team5-MoviePedia/Team5-MoviePedia/node_modules/@chakra-ui/layout/dist/index.js:618:13)
          at div
          at /home/runner/work/Team5-MoviePedia/Team5-MoviePedia/node_modules/@emotion/react/dist/emotion-element-b63ca7c6.cjs.dev.js:43:23
          at ChakraComponent (/home/runner/work/Team5-MoviePedia/Team5-MoviePedia/node_modules/@chakra-ui/system/dist/index.js:228:71)
          at Container2 (/home/runner/work/Team5-MoviePedia/Team5-MoviePedia/node_modules/@chakra-ui/layout/dist/index.js:232:52)
          at div
          at MovieCards (/home/runner/work/Team5-MoviePedia/Team5-MoviePedia/src/components/MovieCards.tsx:21:5)
          at div
          at /home/runner/work/Team5-MoviePedia/Team5-MoviePedia/node_modules/@emotion/react/dist/emotion-element-b63ca7c6.cjs.dev.js:43:23
          at ChakraComponent (/home/runner/work/Team5-MoviePedia/Team5-MoviePedia/node_modules/@chakra-ui/system/dist/index.js:228:71)
          at div
          at /home/runner/work/Team5-MoviePedia/Team5-MoviePedia/node_modules/@emotion/react/dist/emotion-element-b63ca7c6.cjs.dev.js:43:23
          at ChakraComponent (/home/runner/work/Team5-MoviePedia/Team5-MoviePedia/node_modules/@chakra-ui/system/dist/index.js:228:71)
          at Flex2 (/home/runner/work/Team5-MoviePedia/Team5-MoviePedia/node_modules/@chakra-ui/layout/dist/index.js:307:11)
          at div
          at App (/home/runner/work/Team5-MoviePedia/Team5-MoviePedia/src/App.tsx:32:45)

      4 |
      5 | test("renders learn react link", () => {
    > 6 |     render(<App />);
        |           ^
      7 |     const linkElement = screen.getByText(/learn react/i);
      8 |     expect(linkElement).toBeInTheDocument();
      9 | });

      at printWarning (node_modules/react-dom/cjs/react-dom.development.js:86:30)
      at error (node_modules/react-dom/cjs/react-dom.development.js:60:7)
      at warnOnInvalidKey (node_modules/react-dom/cjs/react-dom.development.js:15293:11)
      at reconcileChildrenArray (node_modules/react-dom/cjs/react-dom.development.js:15330:21)
      at reconcileChildFibers (node_modules/react-dom/cjs/react-dom.development.js:15821:16)
      at reconcileChildren (node_modules/react-dom/cjs/react-dom.development.js:19167:28)
      at updateHostComponent (node_modules/react-dom/cjs/react-dom.development.js:19924:3)
      at beginWork (node_modules/react-dom/cjs/react-dom.development.js:21618:14)
      at beginWork$1 (node_modules/react-dom/cjs/react-dom.development.js:27426:14)
      at performUnitOfWork (node_modules/react-dom/cjs/react-dom.development.js:26560:12)
      at workLoopSync (node_modules/react-dom/cjs/react-dom.development.js:26466:5)
      at renderRootSync (node_modules/react-dom/cjs/react-dom.development.js:26434:7)
      at performConcurrentWorkOnRoot (node_modules/react-dom/cjs/react-dom.development.js:25738:74)
      at flushActQueue (node_modules/react/cjs/react.development.js:2667:24)
      at act (node_modules/react/cjs/react.development.js:2582:11)
      at node_modules/@testing-library/react/dist/act-compat.js:63:25
      at renderRoot (node_modules/@testing-library/react/dist/pure.js:159:26)
      at render (node_modules/@testing-library/react/dist/pure.js:246:10)
      at Object.<anonymous> (src/App.test.tsx:6:11)

    console.error
      Warning: Encountered two children with the same key, `null`. Keys should be unique so that components maintain their identity across updates. Non-unique keys may cause children to be duplicated and/or omitted — the behavior is unsupported and could change in a future version.
          at div
          at /home/runner/work/Team5-MoviePedia/Team5-MoviePedia/node_modules/@emotion/react/dist/emotion-element-b63ca7c6.cjs.dev.js:43:23
          at ChakraComponent (/home/runner/work/Team5-MoviePedia/Team5-MoviePedia/node_modules/@chakra-ui/system/dist/index.js:228:71)
          at Grid2 (/home/runner/work/Team5-MoviePedia/Team5-MoviePedia/node_modules/@chakra-ui/layout/dist/index.js:327:5)
          at SimpleGrid2 (/home/runner/work/Team5-MoviePedia/Team5-MoviePedia/node_modules/@chakra-ui/layout/dist/index.js:618:13)
          at div
          at /home/runner/work/Team5-MoviePedia/Team5-MoviePedia/node_modules/@emotion/react/dist/emotion-element-b63ca7c6.cjs.dev.js:43:23
          at ChakraComponent (/home/runner/work/Team5-MoviePedia/Team5-MoviePedia/node_modules/@chakra-ui/system/dist/index.js:228:71)
          at Container2 (/home/runner/work/Team5-MoviePedia/Team5-MoviePedia/node_modules/@chakra-ui/layout/dist/index.js:232:52)
          at div
          at MovieCards (/home/runner/work/Team5-MoviePedia/Team5-MoviePedia/src/components/MovieCards.tsx:21:5)
          at div
          at /home/runner/work/Team5-MoviePedia/Team5-MoviePedia/node_modules/@emotion/react/dist/emotion-element-b63ca7c6.cjs.dev.js:43:23
          at ChakraComponent (/home/runner/work/Team5-MoviePedia/Team5-MoviePedia/node_modules/@chakra-ui/system/dist/index.js:228:71)
          at div
          at /home/runner/work/Team5-MoviePedia/Team5-MoviePedia/node_modules/@emotion/react/dist/emotion-element-b63ca7c6.cjs.dev.js:43:23
          at ChakraComponent (/home/runner/work/Team5-MoviePedia/Team5-MoviePedia/node_modules/@chakra-ui/system/dist/index.js:228:71)
          at Flex2 (/home/runner/work/Team5-MoviePedia/Team5-MoviePedia/node_modules/@chakra-ui/layout/dist/index.js:307:11)
          at div
          at App (/home/runner/work/Team5-MoviePedia/Team5-MoviePedia/src/App.tsx:32:45)

      4 |
      5 | test("renders learn react link", () => {
    > 6 |     render(<App />);
        |           ^
      7 |     const linkElement = screen.getByText(/learn react/i);
      8 |     expect(linkElement).toBeInTheDocument();
      9 | });

      at printWarning (node_modules/react-dom/cjs/react-dom.development.js:86:30)
      at error (node_modules/react-dom/cjs/react-dom.development.js:60:7)
      at warnOnInvalidKey (node_modules/react-dom/cjs/react-dom.development.js:15293:11)
      at reconcileChildrenArray (node_modules/react-dom/cjs/react-dom.development.js:15330:21)
      at reconcileChildFibers (node_modules/react-dom/cjs/react-dom.development.js:15821:16)
      at reconcileChildren (node_modules/react-dom/cjs/react-dom.development.js:19167:28)
      at updateHostComponent (node_modules/react-dom/cjs/react-dom.development.js:19924:3)
      at beginWork (node_modules/react-dom/cjs/react-dom.development.js:21618:14)
      at beginWork$1 (node_modules/react-dom/cjs/react-dom.development.js:27426:14)
      at performUnitOfWork (node_modules/react-dom/cjs/react-dom.development.js:26560:12)
      at workLoopSync (node_modules/react-dom/cjs/react-dom.development.js:26466:5)
      at renderRootSync (node_modules/react-dom/cjs/react-dom.development.js:26434:7)
      at performConcurrentWorkOnRoot (node_modules/react-dom/cjs/react-dom.development.js:25738:74)
      at flushActQueue (node_modules/react/cjs/react.development.js:2667:24)
      at act (node_modules/react/cjs/react.development.js:2582:11)
      at node_modules/@testing-library/react/dist/act-compat.js:63:25
      at renderRoot (node_modules/@testing-library/react/dist/pure.js:159:26)
      at render (node_modules/@testing-library/react/dist/pure.js:246:10)
      at Object.<anonymous> (src/App.test.tsx:6:11)

    console.error
      Warning: Encountered two children with the same key, `null`. Keys should be unique so that components maintain their identity across updates. Non-unique keys may cause children to be duplicated and/or omitted — the behavior is unsupported and could change in a future version.
          at div
          at /home/runner/work/Team5-MoviePedia/Team5-MoviePedia/node_modules/@emotion/react/dist/emotion-element-b63ca7c6.cjs.dev.js:43:23
          at ChakraComponent (/home/runner/work/Team5-MoviePedia/Team5-MoviePedia/node_modules/@chakra-ui/system/dist/index.js:228:71)
          at Grid2 (/home/runner/work/Team5-MoviePedia/Team5-MoviePedia/node_modules/@chakra-ui/layout/dist/index.js:327:5)
          at SimpleGrid2 (/home/runner/work/Team5-MoviePedia/Team5-MoviePedia/node_modules/@chakra-ui/layout/dist/index.js:618:13)
          at div
          at /home/runner/work/Team5-MoviePedia/Team5-MoviePedia/node_modules/@emotion/react/dist/emotion-element-b63ca7c6.cjs.dev.js:43:23
          at ChakraComponent (/home/runner/work/Team5-MoviePedia/Team5-MoviePedia/node_modules/@chakra-ui/system/dist/index.js:228:71)
          at Container2 (/home/runner/work/Team5-MoviePedia/Team5-MoviePedia/node_modules/@chakra-ui/layout/dist/index.js:232:52)
          at div
          at MovieCards (/home/runner/work/Team5-MoviePedia/Team5-MoviePedia/src/components/MovieCards.tsx:21:5)
          at div
          at /home/runner/work/Team5-MoviePedia/Team5-MoviePedia/node_modules/@emotion/react/dist/emotion-element-b63ca7c6.cjs.dev.js:43:23
          at ChakraComponent (/home/runner/work/Team5-MoviePedia/Team5-MoviePedia/node_modules/@chakra-ui/system/dist/index.js:228:71)
          at div
          at /home/runner/work/Team5-MoviePedia/Team5-MoviePedia/node_modules/@emotion/react/dist/emotion-element-b63ca7c6.cjs.dev.js:43:23
          at ChakraComponent (/home/runner/work/Team5-MoviePedia/Team5-MoviePedia/node_modules/@chakra-ui/system/dist/index.js:228:71)
          at Flex2 (/home/runner/work/Team5-MoviePedia/Team5-MoviePedia/node_modules/@chakra-ui/layout/dist/index.js:307:11)
          at div
          at App (/home/runner/work/Team5-MoviePedia/Team5-MoviePedia/src/App.tsx:32:45)

      4 |
      5 | test("renders learn react link", () => {
    > 6 |     render(<App />);
        |           ^
      7 |     const linkElement = screen.getByText(/learn react/i);
      8 |     expect(linkElement).toBeInTheDocument();
      9 | });

      at printWarning (node_modules/react-dom/cjs/react-dom.development.js:86:30)
      at error (node_modules/react-dom/cjs/react-dom.development.js:60:7)
      at warnOnInvalidKey (node_modules/react-dom/cjs/react-dom.development.js:15293:11)
      at reconcileChildrenArray (node_modules/react-dom/cjs/react-dom.development.js:15330:21)
      at reconcileChildFibers (node_modules/react-dom/cjs/react-dom.development.js:15821:16)
      at reconcileChildren (node_modules/react-dom/cjs/react-dom.development.js:19167:28)
      at updateHostComponent (node_modules/react-dom/cjs/react-dom.development.js:19924:3)
      at beginWork (node_modules/react-dom/cjs/react-dom.development.js:21618:14)
      at beginWork$1 (node_modules/react-dom/cjs/react-dom.development.js:27426:14)
      at performUnitOfWork (node_modules/react-dom/cjs/react-dom.development.js:26560:12)
      at workLoopSync (node_modules/react-dom/cjs/react-dom.development.js:26466:5)
      at renderRootSync (node_modules/react-dom/cjs/react-dom.development.js:26434:7)
      at performConcurrentWorkOnRoot (node_modules/react-dom/cjs/react-dom.development.js:25738:74)
      at flushActQueue (node_modules/react/cjs/react.development.js:2667:24)
      at act (node_modules/react/cjs/react.development.js:2582:11)
      at node_modules/@testing-library/react/dist/act-compat.js:63:25
      at renderRoot (node_modules/@testing-library/react/dist/pure.js:159:26)
      at render (node_modules/@testing-library/react/dist/pure.js:246:10)
      at Object.<anonymous> (src/App.test.tsx:6:11)

    console.error
      Warning: Encountered two children with the same key, `null`. Keys should be unique so that components maintain their identity across updates. Non-unique keys may cause children to be duplicated and/or omitted — the behavior is unsupported and could change in a future version.
          at div
          at /home/runner/work/Team5-MoviePedia/Team5-MoviePedia/node_modules/@emotion/react/dist/emotion-element-b63ca7c6.cjs.dev.js:43:23
          at ChakraComponent (/home/runner/work/Team5-MoviePedia/Team5-MoviePedia/node_modules/@chakra-ui/system/dist/index.js:228:71)
          at Grid2 (/home/runner/work/Team5-MoviePedia/Team5-MoviePedia/node_modules/@chakra-ui/layout/dist/index.js:327:5)
          at SimpleGrid2 (/home/runner/work/Team5-MoviePedia/Team5-MoviePedia/node_modules/@chakra-ui/layout/dist/index.js:618:13)
          at div
          at /home/runner/work/Team5-MoviePedia/Team5-MoviePedia/node_modules/@emotion/react/dist/emotion-element-b63ca7c6.cjs.dev.js:43:23
          at ChakraComponent (/home/runner/work/Team5-MoviePedia/Team5-MoviePedia/node_modules/@chakra-ui/system/dist/index.js:228:71)
          at Container2 (/home/runner/work/Team5-MoviePedia/Team5-MoviePedia/node_modules/@chakra-ui/layout/dist/index.js:232:52)
          at div
          at MovieCards (/home/runner/work/Team5-MoviePedia/Team5-MoviePedia/src/components/MovieCards.tsx:21:5)
          at div
          at /home/runner/work/Team5-MoviePedia/Team5-MoviePedia/node_modules/@emotion/react/dist/emotion-element-b63ca7c6.cjs.dev.js:43:23
          at ChakraComponent (/home/runner/work/Team5-MoviePedia/Team5-MoviePedia/node_modules/@chakra-ui/system/dist/index.js:228:71)
          at div
          at /home/runner/work/Team5-MoviePedia/Team5-MoviePedia/node_modules/@emotion/react/dist/emotion-element-b63ca7c6.cjs.dev.js:43:23
          at ChakraComponent (/home/runner/work/Team5-MoviePedia/Team5-MoviePedia/node_modules/@chakra-ui/system/dist/index.js:228:71)
          at Flex2 (/home/runner/work/Team5-MoviePedia/Team5-MoviePedia/node_modules/@chakra-ui/layout/dist/index.js:307:11)
          at div
          at App (/home/runner/work/Team5-MoviePedia/Team5-MoviePedia/src/App.tsx:32:45)

      4 |
      5 | test("renders learn react link", () => {
    > 6 |     render(<App />);
        |           ^
      7 |     const linkElement = screen.getByText(/learn react/i);
      8 |     expect(linkElement).toBeInTheDocument();
      9 | });

      at printWarning (node_modules/react-dom/cjs/react-dom.development.js:86:30)
      at error (node_modules/react-dom/cjs/react-dom.development.js:60:7)
      at warnOnInvalidKey (node_modules/react-dom/cjs/react-dom.development.js:15293:11)
      at reconcileChildrenArray (node_modules/react-dom/cjs/react-dom.development.js:15330:21)
      at reconcileChildFibers (node_modules/react-dom/cjs/react-dom.development.js:15821:16)
      at reconcileChildren (node_modules/react-dom/cjs/react-dom.development.js:19167:28)
      at updateHostComponent (node_modules/react-dom/cjs/react-dom.development.js:19924:3)
      at beginWork (node_modules/react-dom/cjs/react-dom.development.js:21618:14)
      at beginWork$1 (node_modules/react-dom/cjs/react-dom.development.js:27426:14)
      at performUnitOfWork (node_modules/react-dom/cjs/react-dom.development.js:26560:12)
      at workLoopSync (node_modules/react-dom/cjs/react-dom.development.js:26466:5)
      at renderRootSync (node_modules/react-dom/cjs/react-dom.development.js:26434:7)
      at performConcurrentWorkOnRoot (node_modules/react-dom/cjs/react-dom.development.js:25738:74)
      at flushActQueue (node_modules/react/cjs/react.development.js:2667:24)
      at act (node_modules/react/cjs/react.development.js:2582:11)
      at node_modules/@testing-library/react/dist/act-compat.js:63:25
      at renderRoot (node_modules/@testing-library/react/dist/pure.js:159:26)
      at render (node_modules/@testing-library/react/dist/pure.js:246:10)
      at Object.<anonymous> (src/App.test.tsx:6:11)

    console.error
      Warning: Encountered two children with the same key, `null`. Keys should be unique so that components maintain their identity across updates. Non-unique keys may cause children to be duplicated and/or omitted — the behavior is unsupported and could change in a future version.
          at div
          at /home/runner/work/Team5-MoviePedia/Team5-MoviePedia/node_modules/@emotion/react/dist/emotion-element-b63ca7c6.cjs.dev.js:43:23
          at ChakraComponent (/home/runner/work/Team5-MoviePedia/Team5-MoviePedia/node_modules/@chakra-ui/system/dist/index.js:228:71)
          at Grid2 (/home/runner/work/Team5-MoviePedia/Team5-MoviePedia/node_modules/@chakra-ui/layout/dist/index.js:327:5)
          at SimpleGrid2 (/home/runner/work/Team5-MoviePedia/Team5-MoviePedia/node_modules/@chakra-ui/layout/dist/index.js:618:13)
          at div
          at /home/runner/work/Team5-MoviePedia/Team5-MoviePedia/node_modules/@emotion/react/dist/emotion-element-b63ca7c6.cjs.dev.js:43:23
          at ChakraComponent (/home/runner/work/Team5-MoviePedia/Team5-MoviePedia/node_modules/@chakra-ui/system/dist/index.js:228:71)
          at Container2 (/home/runner/work/Team5-MoviePedia/Team5-MoviePedia/node_modules/@chakra-ui/layout/dist/index.js:232:52)
          at div
          at MovieCards (/home/runner/work/Team5-MoviePedia/Team5-MoviePedia/src/components/MovieCards.tsx:21:5)
          at div
          at /home/runner/work/Team5-MoviePedia/Team5-MoviePedia/node_modules/@emotion/react/dist/emotion-element-b63ca7c6.cjs.dev.js:43:23
          at ChakraComponent (/home/runner/work/Team5-MoviePedia/Team5-MoviePedia/node_modules/@chakra-ui/system/dist/index.js:228:71)
          at div
          at /home/runner/work/Team5-MoviePedia/Team5-MoviePedia/node_modules/@emotion/react/dist/emotion-element-b63ca7c6.cjs.dev.js:43:23
          at ChakraComponent (/home/runner/work/Team5-MoviePedia/Team5-MoviePedia/node_modules/@chakra-ui/system/dist/index.js:228:71)
          at Flex2 (/home/runner/work/Team5-MoviePedia/Team5-MoviePedia/node_modules/@chakra-ui/layout/dist/index.js:307:11)
          at div
          at App (/home/runner/work/Team5-MoviePedia/Team5-MoviePedia/src/App.tsx:32:45)

      4 |
      5 | test("renders learn react link", () => {
    > 6 |     render(<App />);
        |           ^
      7 |     const linkElement = screen.getByText(/learn react/i);
      8 |     expect(linkElement).toBeInTheDocument();
      9 | });

      at printWarning (node_modules/react-dom/cjs/react-dom.development.js:86:30)
      at error (node_modules/react-dom/cjs/react-dom.development.js:60:7)
      at warnOnInvalidKey (node_modules/react-dom/cjs/react-dom.development.js:15293:11)
      at reconcileChildrenArray (node_modules/react-dom/cjs/react-dom.development.js:15330:21)
      at reconcileChildFibers (node_modules/react-dom/cjs/react-dom.development.js:15821:16)
      at reconcileChildren (node_modules/react-dom/cjs/react-dom.development.js:19167:28)
      at updateHostComponent (node_modules/react-dom/cjs/react-dom.development.js:19924:3)
      at beginWork (node_modules/react-dom/cjs/react-dom.development.js:21618:14)
      at beginWork$1 (node_modules/react-dom/cjs/react-dom.development.js:27426:14)
      at performUnitOfWork (node_modules/react-dom/cjs/react-dom.development.js:26560:12)
      at workLoopSync (node_modules/react-dom/cjs/react-dom.development.js:26466:5)
      at renderRootSync (node_modules/react-dom/cjs/react-dom.development.js:26434:7)
      at performConcurrentWorkOnRoot (node_modules/react-dom/cjs/react-dom.development.js:25738:74)
      at flushActQueue (node_modules/react/cjs/react.development.js:2667:24)
      at act (node_modules/react/cjs/react.development.js:2582:11)
      at node_modules/@testing-library/react/dist/act-compat.js:63:25
      at renderRoot (node_modules/@testing-library/react/dist/pure.js:159:26)
      at render (node_modules/@testing-library/react/dist/pure.js:246:10)
      at Object.<anonymous> (src/App.test.tsx:6:11)

    console.error
      Warning: Encountered two children with the same key, `null`. Keys should be unique so that components maintain their identity across updates. Non-unique keys may cause children to be duplicated and/or omitted — the behavior is unsupported and could change in a future version.
          at div
          at /home/runner/work/Team5-MoviePedia/Team5-MoviePedia/node_modules/@emotion/react/dist/emotion-element-b63ca7c6.cjs.dev.js:43:23
          at ChakraComponent (/home/runner/work/Team5-MoviePedia/Team5-MoviePedia/node_modules/@chakra-ui/system/dist/index.js:228:71)
          at Grid2 (/home/runner/work/Team5-MoviePedia/Team5-MoviePedia/node_modules/@chakra-ui/layout/dist/index.js:327:5)
          at SimpleGrid2 (/home/runner/work/Team5-MoviePedia/Team5-MoviePedia/node_modules/@chakra-ui/layout/dist/index.js:618:13)
          at div
          at /home/runner/work/Team5-MoviePedia/Team5-MoviePedia/node_modules/@emotion/react/dist/emotion-element-b63ca7c6.cjs.dev.js:43:23
          at ChakraComponent (/home/runner/work/Team5-MoviePedia/Team5-MoviePedia/node_modules/@chakra-ui/system/dist/index.js:228:71)
          at Container2 (/home/runner/work/Team5-MoviePedia/Team5-MoviePedia/node_modules/@chakra-ui/layout/dist/index.js:232:52)
          at div
          at MovieCards (/home/runner/work/Team5-MoviePedia/Team5-MoviePedia/src/components/MovieCards.tsx:21:5)
          at div
          at /home/runner/work/Team5-MoviePedia/Team5-MoviePedia/node_modules/@emotion/react/dist/emotion-element-b63ca7c6.cjs.dev.js:43:23
          at ChakraComponent (/home/runner/work/Team5-MoviePedia/Team5-MoviePedia/node_modules/@chakra-ui/system/dist/index.js:228:71)
          at div
          at /home/runner/work/Team5-MoviePedia/Team5-MoviePedia/node_modules/@emotion/react/dist/emotion-element-b63ca7c6.cjs.dev.js:43:23
          at ChakraComponent (/home/runner/work/Team5-MoviePedia/Team5-MoviePedia/node_modules/@chakra-ui/system/dist/index.js:228:71)
          at Flex2 (/home/runner/work/Team5-MoviePedia/Team5-MoviePedia/node_modules/@chakra-ui/layout/dist/index.js:307:11)
          at div
          at App (/home/runner/work/Team5-MoviePedia/Team5-MoviePedia/src/App.tsx:32:45)

      4 |
      5 | test("renders learn react link", () => {
    > 6 |     render(<App />);
        |           ^
      7 |     const linkElement = screen.getByText(/learn react/i);
      8 |     expect(linkElement).toBeInTheDocument();
      9 | });

      at printWarning (node_modules/react-dom/cjs/react-dom.development.js:86:30)
      at error (node_modules/react-dom/cjs/react-dom.development.js:60:7)
      at warnOnInvalidKey (node_modules/react-dom/cjs/react-dom.development.js:15293:11)
      at reconcileChildrenArray (node_modules/react-dom/cjs/react-dom.development.js:15330:21)
      at reconcileChildFibers (node_modules/react-dom/cjs/react-dom.development.js:15821:16)
      at reconcileChildren (node_modules/react-dom/cjs/react-dom.development.js:19167:28)
      at updateHostComponent (node_modules/react-dom/cjs/react-dom.development.js:19924:3)
      at beginWork (node_modules/react-dom/cjs/react-dom.development.js:21618:14)
      at beginWork$1 (node_modules/react-dom/cjs/react-dom.development.js:27426:14)
      at performUnitOfWork (node_modules/react-dom/cjs/react-dom.development.js:26560:12)
      at workLoopSync (node_modules/react-dom/cjs/react-dom.development.js:26466:5)
      at renderRootSync (node_modules/react-dom/cjs/react-dom.development.js:26434:7)
      at performConcurrentWorkOnRoot (node_modules/react-dom/cjs/react-dom.development.js:25738:74)
      at flushActQueue (node_modules/react/cjs/react.development.js:2667:24)
      at act (node_modules/react/cjs/react.development.js:2582:11)
      at node_modules/@testing-library/react/dist/act-compat.js:63:25
      at renderRoot (node_modules/@testing-library/react/dist/pure.js:159:26)
      at render (node_modules/@testing-library/react/dist/pure.js:246:10)
      at Object.<anonymous> (src/App.test.tsx:6:11)

    console.error
      Warning: Encountered two children with the same key, `null`. Keys should be unique so that components maintain their identity across updates. Non-unique keys may cause children to be duplicated and/or omitted — the behavior is unsupported and could change in a future version.
          at div
          at /home/runner/work/Team5-MoviePedia/Team5-MoviePedia/node_modules/@emotion/react/dist/emotion-element-b63ca7c6.cjs.dev.js:43:23
          at ChakraComponent (/home/runner/work/Team5-MoviePedia/Team5-MoviePedia/node_modules/@chakra-ui/system/dist/index.js:228:71)
          at Grid2 (/home/runner/work/Team5-MoviePedia/Team5-MoviePedia/node_modules/@chakra-ui/layout/dist/index.js:327:5)
          at SimpleGrid2 (/home/runner/work/Team5-MoviePedia/Team5-MoviePedia/node_modules/@chakra-ui/layout/dist/index.js:618:13)
          at div
          at /home/runner/work/Team5-MoviePedia/Team5-MoviePedia/node_modules/@emotion/react/dist/emotion-element-b63ca7c6.cjs.dev.js:43:23
          at ChakraComponent (/home/runner/work/Team5-MoviePedia/Team5-MoviePedia/node_modules/@chakra-ui/system/dist/index.js:228:71)
          at Container2 (/home/runner/work/Team5-MoviePedia/Team5-MoviePedia/node_modules/@chakra-ui/layout/dist/index.js:232:52)
          at div
          at MovieCards (/home/runner/work/Team5-MoviePedia/Team5-MoviePedia/src/components/MovieCards.tsx:21:5)
          at div
          at /home/runner/work/Team5-MoviePedia/Team5-MoviePedia/node_modules/@emotion/react/dist/emotion-element-b63ca7c6.cjs.dev.js:43:23
          at ChakraComponent (/home/runner/work/Team5-MoviePedia/Team5-MoviePedia/node_modules/@chakra-ui/system/dist/index.js:228:71)
          at div
          at /home/runner/work/Team5-MoviePedia/Team5-MoviePedia/node_modules/@emotion/react/dist/emotion-element-b63ca7c6.cjs.dev.js:43:23
          at ChakraComponent (/home/runner/work/Team5-MoviePedia/Team5-MoviePedia/node_modules/@chakra-ui/system/dist/index.js:228:71)
          at Flex2 (/home/runner/work/Team5-MoviePedia/Team5-MoviePedia/node_modules/@chakra-ui/layout/dist/index.js:307:11)
          at div
          at App (/home/runner/work/Team5-MoviePedia/Team5-MoviePedia/src/App.tsx:32:45)

      4 |
      5 | test("renders learn react link", () => {
    > 6 |     render(<App />);
        |           ^
      7 |     const linkElement = screen.getByText(/learn react/i);
      8 |     expect(linkElement).toBeInTheDocument();
      9 | });

      at printWarning (node_modules/react-dom/cjs/react-dom.development.js:86:30)
      at error (node_modules/react-dom/cjs/react-dom.development.js:60:7)
      at warnOnInvalidKey (node_modules/react-dom/cjs/react-dom.development.js:15293:11)
      at reconcileChildrenArray (node_modules/react-dom/cjs/react-dom.development.js:15330:21)
      at reconcileChildFibers (node_modules/react-dom/cjs/react-dom.development.js:15821:16)
      at reconcileChildren (node_modules/react-dom/cjs/react-dom.development.js:19167:28)
      at updateHostComponent (node_modules/react-dom/cjs/react-dom.development.js:19924:3)
      at beginWork (node_modules/react-dom/cjs/react-dom.development.js:21618:14)
      at beginWork$1 (node_modules/react-dom/cjs/react-dom.development.js:27426:14)
      at performUnitOfWork (node_modules/react-dom/cjs/react-dom.development.js:26560:12)
      at workLoopSync (node_modules/react-dom/cjs/react-dom.development.js:26466:5)
      at renderRootSync (node_modules/react-dom/cjs/react-dom.development.js:26434:7)
      at performConcurrentWorkOnRoot (node_modules/react-dom/cjs/react-dom.development.js:25738:74)
      at flushActQueue (node_modules/react/cjs/react.development.js:2667:24)
      at act (node_modules/react/cjs/react.development.js:2582:11)
      at node_modules/@testing-library/react/dist/act-compat.js:63:25
      at renderRoot (node_modules/@testing-library/react/dist/pure.js:159:26)
      at render (node_modules/@testing-library/react/dist/pure.js:246:10)
      at Object.<anonymous> (src/App.test.tsx:6:11)

    console.error
      Warning: Encountered two children with the same key, `null`. Keys should be unique so that components maintain their identity across updates. Non-unique keys may cause children to be duplicated and/or omitted — the behavior is unsupported and could change in a future version.
          at div
          at /home/runner/work/Team5-MoviePedia/Team5-MoviePedia/node_modules/@emotion/react/dist/emotion-element-b63ca7c6.cjs.dev.js:43:23
          at ChakraComponent (/home/runner/work/Team5-MoviePedia/Team5-MoviePedia/node_modules/@chakra-ui/system/dist/index.js:228:71)
          at Grid2 (/home/runner/work/Team5-MoviePedia/Team5-MoviePedia/node_modules/@chakra-ui/layout/dist/index.js:327:5)
          at SimpleGrid2 (/home/runner/work/Team5-MoviePedia/Team5-MoviePedia/node_modules/@chakra-ui/layout/dist/index.js:618:13)
          at div
          at /home/runner/work/Team5-MoviePedia/Team5-MoviePedia/node_modules/@emotion/react/dist/emotion-element-b63ca7c6.cjs.dev.js:43:23
          at ChakraComponent (/home/runner/work/Team5-MoviePedia/Team5-MoviePedia/node_modules/@chakra-ui/system/dist/index.js:228:71)
          at Container2 (/home/runner/work/Team5-MoviePedia/Team5-MoviePedia/node_modules/@chakra-ui/layout/dist/index.js:232:52)
          at div
          at MovieCards (/home/runner/work/Team5-MoviePedia/Team5-MoviePedia/src/components/MovieCards.tsx:21:5)
          at div
          at /home/runner/work/Team5-MoviePedia/Team5-MoviePedia/node_modules/@emotion/react/dist/emotion-element-b63ca7c6.cjs.dev.js:43:23
          at ChakraComponent (/home/runner/work/Team5-MoviePedia/Team5-MoviePedia/node_modules/@chakra-ui/system/dist/index.js:228:71)
          at div
          at /home/runner/work/Team5-MoviePedia/Team5-MoviePedia/node_modules/@emotion/react/dist/emotion-element-b63ca7c6.cjs.dev.js:43:23
          at ChakraComponent (/home/runner/work/Team5-MoviePedia/Team5-MoviePedia/node_modules/@chakra-ui/system/dist/index.js:228:71)
          at Flex2 (/home/runner/work/Team5-MoviePedia/Team5-MoviePedia/node_modules/@chakra-ui/layout/dist/index.js:307:11)
          at div
          at App (/home/runner/work/Team5-MoviePedia/Team5-MoviePedia/src/App.tsx:32:45)

      4 |
      5 | test("renders learn react link", () => {
    > 6 |     render(<App />);
        |           ^
      7 |     const linkElement = screen.getByText(/learn react/i);
      8 |     expect(linkElement).toBeInTheDocument();
      9 | });

      at printWarning (node_modules/react-dom/cjs/react-dom.development.js:86:30)
      at error (node_modules/react-dom/cjs/react-dom.development.js:60:7)
      at warnOnInvalidKey (node_modules/react-dom/cjs/react-dom.development.js:15293:11)
      at reconcileChildrenArray (node_modules/react-dom/cjs/react-dom.development.js:15330:21)
      at reconcileChildFibers (node_modules/react-dom/cjs/react-dom.development.js:15821:16)
      at reconcileChildren (node_modules/react-dom/cjs/react-dom.development.js:19167:28)
      at updateHostComponent (node_modules/react-dom/cjs/react-dom.development.js:19924:3)
      at beginWork (node_modules/react-dom/cjs/react-dom.development.js:21618:14)
      at beginWork$1 (node_modules/react-dom/cjs/react-dom.development.js:27426:14)
      at performUnitOfWork (node_modules/react-dom/cjs/react-dom.development.js:26560:12)
      at workLoopSync (node_modules/react-dom/cjs/react-dom.development.js:26466:5)
      at renderRootSync (node_modules/react-dom/cjs/react-dom.development.js:26434:7)
      at performConcurrentWorkOnRoot (node_modules/react-dom/cjs/react-dom.development.js:25738:74)
      at flushActQueue (node_modules/react/cjs/react.development.js:2667:24)
      at act (node_modules/react/cjs/react.development.js:2582:11)
      at node_modules/@testing-library/react/dist/act-compat.js:63:25
      at renderRoot (node_modules/@testing-library/react/dist/pure.js:159:26)
      at render (node_modules/@testing-library/react/dist/pure.js:246:10)
      at Object.<anonymous> (src/App.test.tsx:6:11)

    console.error
      Warning: Encountered two children with the same key, `null`. Keys should be unique so that components maintain their identity across updates. Non-unique keys may cause children to be duplicated and/or omitted — the behavior is unsupported and could change in a future version.
          at div
          at /home/runner/work/Team5-MoviePedia/Team5-MoviePedia/node_modules/@emotion/react/dist/emotion-element-b63ca7c6.cjs.dev.js:43:23
          at ChakraComponent (/home/runner/work/Team5-MoviePedia/Team5-MoviePedia/node_modules/@chakra-ui/system/dist/index.js:228:71)
          at Grid2 (/home/runner/work/Team5-MoviePedia/Team5-MoviePedia/node_modules/@chakra-ui/layout/dist/index.js:327:5)
          at SimpleGrid2 (/home/runner/work/Team5-MoviePedia/Team5-MoviePedia/node_modules/@chakra-ui/layout/dist/index.js:618:13)
          at div
          at /home/runner/work/Team5-MoviePedia/Team5-MoviePedia/node_modules/@emotion/react/dist/emotion-element-b63ca7c6.cjs.dev.js:43:23
          at ChakraComponent (/home/runner/work/Team5-MoviePedia/Team5-MoviePedia/node_modules/@chakra-ui/system/dist/index.js:228:71)
          at Container2 (/home/runner/work/Team5-MoviePedia/Team5-MoviePedia/node_modules/@chakra-ui/layout/dist/index.js:232:52)
          at div
          at MovieCards (/home/runner/work/Team5-MoviePedia/Team5-MoviePedia/src/components/MovieCards.tsx:21:5)
          at div
          at /home/runner/work/Team5-MoviePedia/Team5-MoviePedia/node_modules/@emotion/react/dist/emotion-element-b63ca7c6.cjs.dev.js:43:23
          at ChakraComponent (/home/runner/work/Team5-MoviePedia/Team5-MoviePedia/node_modules/@chakra-ui/system/dist/index.js:228:71)
          at div
          at /home/runner/work/Team5-MoviePedia/Team5-MoviePedia/node_modules/@emotion/react/dist/emotion-element-b63ca7c6.cjs.dev.js:43:23
          at ChakraComponent (/home/runner/work/Team5-MoviePedia/Team5-MoviePedia/node_modules/@chakra-ui/system/dist/index.js:228:71)
          at Flex2 (/home/runner/work/Team5-MoviePedia/Team5-MoviePedia/node_modules/@chakra-ui/layout/dist/index.js:307:11)
          at div
          at App (/home/runner/work/Team5-MoviePedia/Team5-MoviePedia/src/App.tsx:32:45)

      4 |
      5 | test("renders learn react link", () => {
    > 6 |     render(<App />);
        |           ^
      7 |     const linkElement = screen.getByText(/learn react/i);
      8 |     expect(linkElement).toBeInTheDocument();
      9 | });

      at printWarning (node_modules/react-dom/cjs/react-dom.development.js:86:30)
      at error (node_modules/react-dom/cjs/react-dom.development.js:60:7)
      at warnOnInvalidKey (node_modules/react-dom/cjs/react-dom.development.js:15293:11)
      at reconcileChildrenArray (node_modules/react-dom/cjs/react-dom.development.js:15330:21)
      at reconcileChildFibers (node_modules/react-dom/cjs/react-dom.development.js:15821:16)
      at reconcileChildren (node_modules/react-dom/cjs/react-dom.development.js:19167:28)
      at updateHostComponent (node_modules/react-dom/cjs/react-dom.development.js:19924:3)
      at beginWork (node_modules/react-dom/cjs/react-dom.development.js:21618:14)
      at beginWork$1 (node_modules/react-dom/cjs/react-dom.development.js:27426:14)
      at performUnitOfWork (node_modules/react-dom/cjs/react-dom.development.js:26560:12)
      at workLoopSync (node_modules/react-dom/cjs/react-dom.development.js:26466:5)
      at renderRootSync (node_modules/react-dom/cjs/react-dom.development.js:26434:7)
      at performConcurrentWorkOnRoot (node_modules/react-dom/cjs/react-dom.development.js:25738:74)
      at flushActQueue (node_modules/react/cjs/react.development.js:2667:24)
      at act (node_modules/react/cjs/react.development.js:2582:11)
      at node_modules/@testing-library/react/dist/act-compat.js:63:25
      at renderRoot (node_modules/@testing-library/react/dist/pure.js:159:26)
      at render (node_modules/@testing-library/react/dist/pure.js:246:10)
      at Object.<anonymous> (src/App.test.tsx:6:11)

    console.error
      Warning: Encountered two children with the same key, `null`. Keys should be unique so that components maintain their identity across updates. Non-unique keys may cause children to be duplicated and/or omitted — the behavior is unsupported and could change in a future version.
          at div
          at /home/runner/work/Team5-MoviePedia/Team5-MoviePedia/node_modules/@emotion/react/dist/emotion-element-b63ca7c6.cjs.dev.js:43:23
          at ChakraComponent (/home/runner/work/Team5-MoviePedia/Team5-MoviePedia/node_modules/@chakra-ui/system/dist/index.js:228:71)
          at Grid2 (/home/runner/work/Team5-MoviePedia/Team5-MoviePedia/node_modules/@chakra-ui/layout/dist/index.js:327:5)
          at SimpleGrid2 (/home/runner/work/Team5-MoviePedia/Team5-MoviePedia/node_modules/@chakra-ui/layout/dist/index.js:618:13)
          at div
          at /home/runner/work/Team5-MoviePedia/Team5-MoviePedia/node_modules/@emotion/react/dist/emotion-element-b63ca7c6.cjs.dev.js:43:23
          at ChakraComponent (/home/runner/work/Team5-MoviePedia/Team5-MoviePedia/node_modules/@chakra-ui/system/dist/index.js:228:71)
          at Container2 (/home/runner/work/Team5-MoviePedia/Team5-MoviePedia/node_modules/@chakra-ui/layout/dist/index.js:232:52)
          at div
          at MovieCards (/home/runner/work/Team5-MoviePedia/Team5-MoviePedia/src/components/MovieCards.tsx:21:5)
          at div
          at /home/runner/work/Team5-MoviePedia/Team5-MoviePedia/node_modules/@emotion/react/dist/emotion-element-b63ca7c6.cjs.dev.js:43:23
          at ChakraComponent (/home/runner/work/Team5-MoviePedia/Team5-MoviePedia/node_modules/@chakra-ui/system/dist/index.js:228:71)
          at div
          at /home/runner/work/Team5-MoviePedia/Team5-MoviePedia/node_modules/@emotion/react/dist/emotion-element-b63ca7c6.cjs.dev.js:43:23
          at ChakraComponent (/home/runner/work/Team5-MoviePedia/Team5-MoviePedia/node_modules/@chakra-ui/system/dist/index.js:228:71)
          at Flex2 (/home/runner/work/Team5-MoviePedia/Team5-MoviePedia/node_modules/@chakra-ui/layout/dist/index.js:307:11)
          at div
          at App (/home/runner/work/Team5-MoviePedia/Team5-MoviePedia/src/App.tsx:32:45)

      4 |
      5 | test("renders learn react link", () => {
    > 6 |     render(<App />);
        |           ^
      7 |     const linkElement = screen.getByText(/learn react/i);
      8 |     expect(linkElement).toBeInTheDocument();
      9 | });

      at printWarning (node_modules/react-dom/cjs/react-dom.development.js:86:30)
      at error (node_modules/react-dom/cjs/react-dom.development.js:60:7)
      at warnOnInvalidKey (node_modules/react-dom/cjs/react-dom.development.js:15293:11)
      at reconcileChildrenArray (node_modules/react-dom/cjs/react-dom.development.js:15330:21)
      at reconcileChildFibers (node_modules/react-dom/cjs/react-dom.development.js:15821:16)
      at reconcileChildren (node_modules/react-dom/cjs/react-dom.development.js:19167:28)
      at updateHostComponent (node_modules/react-dom/cjs/react-dom.development.js:19924:3)
      at beginWork (node_modules/react-dom/cjs/react-dom.development.js:21618:14)
      at beginWork$1 (node_modules/react-dom/cjs/react-dom.development.js:27426:14)
      at performUnitOfWork (node_modules/react-dom/cjs/react-dom.development.js:26560:12)
      at workLoopSync (node_modules/react-dom/cjs/react-dom.development.js:26466:5)
      at renderRootSync (node_modules/react-dom/cjs/react-dom.development.js:26434:7)
      at performConcurrentWorkOnRoot (node_modules/react-dom/cjs/react-dom.development.js:25738:74)
      at flushActQueue (node_modules/react/cjs/react.development.js:2667:24)
      at act (node_modules/react/cjs/react.development.js:2582:11)
      at node_modules/@testing-library/react/dist/act-compat.js:63:25
      at renderRoot (node_modules/@testing-library/react/dist/pure.js:159:26)
      at render (node_modules/@testing-library/react/dist/pure.js:246:10)
      at Object.<anonymous> (src/App.test.tsx:6:11)

    console.error
      Warning: Encountered two children with the same key, `null`. Keys should be unique so that components maintain their identity across updates. Non-unique keys may cause children to be duplicated and/or omitted — the behavior is unsupported and could change in a future version.
          at div
          at /home/runner/work/Team5-MoviePedia/Team5-MoviePedia/node_modules/@emotion/react/dist/emotion-element-b63ca7c6.cjs.dev.js:43:23
          at ChakraComponent (/home/runner/work/Team5-MoviePedia/Team5-MoviePedia/node_modules/@chakra-ui/system/dist/index.js:228:71)
          at Grid2 (/home/runner/work/Team5-MoviePedia/Team5-MoviePedia/node_modules/@chakra-ui/layout/dist/index.js:327:5)
          at SimpleGrid2 (/home/runner/work/Team5-MoviePedia/Team5-MoviePedia/node_modules/@chakra-ui/layout/dist/index.js:618:13)
          at div
          at /home/runner/work/Team5-MoviePedia/Team5-MoviePedia/node_modules/@emotion/react/dist/emotion-element-b63ca7c6.cjs.dev.js:43:23
          at ChakraComponent (/home/runner/work/Team5-MoviePedia/Team5-MoviePedia/node_modules/@chakra-ui/system/dist/index.js:228:71)
          at Container2 (/home/runner/work/Team5-MoviePedia/Team5-MoviePedia/node_modules/@chakra-ui/layout/dist/index.js:232:52)
          at div
          at MovieCards (/home/runner/work/Team5-MoviePedia/Team5-MoviePedia/src/components/MovieCards.tsx:21:5)
          at div
          at /home/runner/work/Team5-MoviePedia/Team5-MoviePedia/node_modules/@emotion/react/dist/emotion-element-b63ca7c6.cjs.dev.js:43:23
          at ChakraComponent (/home/runner/work/Team5-MoviePedia/Team5-MoviePedia/node_modules/@chakra-ui/system/dist/index.js:228:71)
          at div
          at /home/runner/work/Team5-MoviePedia/Team5-MoviePedia/node_modules/@emotion/react/dist/emotion-element-b63ca7c6.cjs.dev.js:43:23
          at ChakraComponent (/home/runner/work/Team5-MoviePedia/Team5-MoviePedia/node_modules/@chakra-ui/system/dist/index.js:228:71)
          at Flex2 (/home/runner/work/Team5-MoviePedia/Team5-MoviePedia/node_modules/@chakra-ui/layout/dist/index.js:307:11)
          at div
          at App (/home/runner/work/Team5-MoviePedia/Team5-MoviePedia/src/App.tsx:32:45)

      4 |
      5 | test("renders learn react link", () => {
    > 6 |     render(<App />);
        |           ^
      7 |     const linkElement = screen.getByText(/learn react/i);
      8 |     expect(linkElement).toBeInTheDocument();
      9 | });

      at printWarning (node_modules/react-dom/cjs/react-dom.development.js:86:30)
      at error (node_modules/react-dom/cjs/react-dom.development.js:60:7)
      at warnOnInvalidKey (node_modules/react-dom/cjs/react-dom.development.js:15293:11)
      at reconcileChildrenArray (node_modules/react-dom/cjs/react-dom.development.js:15330:21)
      at reconcileChildFibers (node_modules/react-dom/cjs/react-dom.development.js:15821:16)
      at reconcileChildren (node_modules/react-dom/cjs/react-dom.development.js:19167:28)
      at updateHostComponent (node_modules/react-dom/cjs/react-dom.development.js:19924:3)
      at beginWork (node_modules/react-dom/cjs/react-dom.development.js:21618:14)
      at beginWork$1 (node_modules/react-dom/cjs/react-dom.development.js:27426:14)
      at performUnitOfWork (node_modules/react-dom/cjs/react-dom.development.js:26560:12)
      at workLoopSync (node_modules/react-dom/cjs/react-dom.development.js:26466:5)
      at renderRootSync (node_modules/react-dom/cjs/react-dom.development.js:26434:7)
      at performConcurrentWorkOnRoot (node_modules/react-dom/cjs/react-dom.development.js:25738:74)
      at flushActQueue (node_modules/react/cjs/react.development.js:2667:24)
      at act (node_modules/react/cjs/react.development.js:2582:11)
      at node_modules/@testing-library/react/dist/act-compat.js:63:25
      at renderRoot (node_modules/@testing-library/react/dist/pure.js:159:26)
      at render (node_modules/@testing-library/react/dist/pure.js:246:10)
      at Object.<anonymous> (src/App.test.tsx:6:11)

    console.error
      Warning: Encountered two children with the same key, `null`. Keys should be unique so that components maintain their identity across updates. Non-unique keys may cause children to be duplicated and/or omitted — the behavior is unsupported and could change in a future version.
          at div
          at /home/runner/work/Team5-MoviePedia/Team5-MoviePedia/node_modules/@emotion/react/dist/emotion-element-b63ca7c6.cjs.dev.js:43:23
          at ChakraComponent (/home/runner/work/Team5-MoviePedia/Team5-MoviePedia/node_modules/@chakra-ui/system/dist/index.js:228:71)
          at Grid2 (/home/runner/work/Team5-MoviePedia/Team5-MoviePedia/node_modules/@chakra-ui/layout/dist/index.js:327:5)
          at SimpleGrid2 (/home/runner/work/Team5-MoviePedia/Team5-MoviePedia/node_modules/@chakra-ui/layout/dist/index.js:618:13)
          at div
          at /home/runner/work/Team5-MoviePedia/Team5-MoviePedia/node_modules/@emotion/react/dist/emotion-element-b63ca7c6.cjs.dev.js:43:23
          at ChakraComponent (/home/runner/work/Team5-MoviePedia/Team5-MoviePedia/node_modules/@chakra-ui/system/dist/index.js:228:71)
          at Container2 (/home/runner/work/Team5-MoviePedia/Team5-MoviePedia/node_modules/@chakra-ui/layout/dist/index.js:232:52)
          at div
          at MovieCards (/home/runner/work/Team5-MoviePedia/Team5-MoviePedia/src/components/MovieCards.tsx:21:5)
          at div
          at /home/runner/work/Team5-MoviePedia/Team5-MoviePedia/node_modules/@emotion/react/dist/emotion-element-b63ca7c6.cjs.dev.js:43:23
          at ChakraComponent (/home/runner/work/Team5-MoviePedia/Team5-MoviePedia/node_modules/@chakra-ui/system/dist/index.js:228:71)
          at div
          at /home/runner/work/Team5-MoviePedia/Team5-MoviePedia/node_modules/@emotion/react/dist/emotion-element-b63ca7c6.cjs.dev.js:43:23
          at ChakraComponent (/home/runner/work/Team5-MoviePedia/Team5-MoviePedia/node_modules/@chakra-ui/system/dist/index.js:228:71)
          at Flex2 (/home/runner/work/Team5-MoviePedia/Team5-MoviePedia/node_modules/@chakra-ui/layout/dist/index.js:307:11)
          at div
          at App (/home/runner/work/Team5-MoviePedia/Team5-MoviePedia/src/App.tsx:32:45)

      4 |
      5 | test("renders learn react link", () => {
    > 6 |     render(<App />);
        |           ^
      7 |     const linkElement = screen.getByText(/learn react/i);
      8 |     expect(linkElement).toBeInTheDocument();
      9 | });

      at printWarning (node_modules/react-dom/cjs/react-dom.development.js:86:30)
      at error (node_modules/react-dom/cjs/react-dom.development.js:60:7)
      at warnOnInvalidKey (node_modules/react-dom/cjs/react-dom.development.js:15293:11)
      at reconcileChildrenArray (node_modules/react-dom/cjs/react-dom.development.js:15330:21)
      at reconcileChildFibers (node_modules/react-dom/cjs/react-dom.development.js:15821:16)
      at reconcileChildren (node_modules/react-dom/cjs/react-dom.development.js:19167:28)
      at updateHostComponent (node_modules/react-dom/cjs/react-dom.development.js:19924:3)
      at beginWork (node_modules/react-dom/cjs/react-dom.development.js:21618:14)
      at beginWork$1 (node_modules/react-dom/cjs/react-dom.development.js:27426:14)
      at performUnitOfWork (node_modules/react-dom/cjs/react-dom.development.js:26560:12)
      at workLoopSync (node_modules/react-dom/cjs/react-dom.development.js:26466:5)
      at renderRootSync (node_modules/react-dom/cjs/react-dom.development.js:26434:7)
      at performConcurrentWorkOnRoot (node_modules/react-dom/cjs/react-dom.development.js:25738:74)
      at flushActQueue (node_modules/react/cjs/react.development.js:2667:24)
      at act (node_modules/react/cjs/react.development.js:2582:11)
      at node_modules/@testing-library/react/dist/act-compat.js:63:25
      at renderRoot (node_modules/@testing-library/react/dist/pure.js:159:26)
      at render (node_modules/@testing-library/react/dist/pure.js:246:10)
      at Object.<anonymous> (src/App.test.tsx:6:11)

    console.error
      Warning: Encountered two children with the same key, `null`. Keys should be unique so that components maintain their identity across updates. Non-unique keys may cause children to be duplicated and/or omitted — the behavior is unsupported and could change in a future version.
          at div
          at /home/runner/work/Team5-MoviePedia/Team5-MoviePedia/node_modules/@emotion/react/dist/emotion-element-b63ca7c6.cjs.dev.js:43:23
          at ChakraComponent (/home/runner/work/Team5-MoviePedia/Team5-MoviePedia/node_modules/@chakra-ui/system/dist/index.js:228:71)
          at Grid2 (/home/runner/work/Team5-MoviePedia/Team5-MoviePedia/node_modules/@chakra-ui/layout/dist/index.js:327:5)
          at SimpleGrid2 (/home/runner/work/Team5-MoviePedia/Team5-MoviePedia/node_modules/@chakra-ui/layout/dist/index.js:618:13)
          at div
          at /home/runner/work/Team5-MoviePedia/Team5-MoviePedia/node_modules/@emotion/react/dist/emotion-element-b63ca7c6.cjs.dev.js:43:23
          at ChakraComponent (/home/runner/work/Team5-MoviePedia/Team5-MoviePedia/node_modules/@chakra-ui/system/dist/index.js:228:71)
          at Container2 (/home/runner/work/Team5-MoviePedia/Team5-MoviePedia/node_modules/@chakra-ui/layout/dist/index.js:232:52)
          at div
          at MovieCards (/home/runner/work/Team5-MoviePedia/Team5-MoviePedia/src/components/MovieCards.tsx:21:5)
          at div
          at /home/runner/work/Team5-MoviePedia/Team5-MoviePedia/node_modules/@emotion/react/dist/emotion-element-b63ca7c6.cjs.dev.js:43:23
          at ChakraComponent (/home/runner/work/Team5-MoviePedia/Team5-MoviePedia/node_modules/@chakra-ui/system/dist/index.js:228:71)
          at div
          at /home/runner/work/Team5-MoviePedia/Team5-MoviePedia/node_modules/@emotion/react/dist/emotion-element-b63ca7c6.cjs.dev.js:43:23
          at ChakraComponent (/home/runner/work/Team5-MoviePedia/Team5-MoviePedia/node_modules/@chakra-ui/system/dist/index.js:228:71)
          at Flex2 (/home/runner/work/Team5-MoviePedia/Team5-MoviePedia/node_modules/@chakra-ui/layout/dist/index.js:307:11)
          at div
          at App (/home/runner/work/Team5-MoviePedia/Team5-MoviePedia/src/App.tsx:32:45)

      4 |
      5 | test("renders learn react link", () => {
    > 6 |     render(<App />);
        |           ^
      7 |     const linkElement = screen.getByText(/learn react/i);
      8 |     expect(linkElement).toBeInTheDocument();
      9 | });

      at printWarning (node_modules/react-dom/cjs/react-dom.development.js:86:30)
      at error (node_modules/react-dom/cjs/react-dom.development.js:60:7)
      at warnOnInvalidKey (node_modules/react-dom/cjs/react-dom.development.js:15293:11)
      at reconcileChildrenArray (node_modules/react-dom/cjs/react-dom.development.js:15330:21)
      at reconcileChildFibers (node_modules/react-dom/cjs/react-dom.development.js:15821:16)
      at reconcileChildren (node_modules/react-dom/cjs/react-dom.development.js:19167:28)
      at updateHostComponent (node_modules/react-dom/cjs/react-dom.development.js:19924:3)
      at beginWork (node_modules/react-dom/cjs/react-dom.development.js:21618:14)
      at beginWork$1 (node_modules/react-dom/cjs/react-dom.development.js:27426:14)
      at performUnitOfWork (node_modules/react-dom/cjs/react-dom.development.js:26560:12)
      at workLoopSync (node_modules/react-dom/cjs/react-dom.development.js:26466:5)
      at renderRootSync (node_modules/react-dom/cjs/react-dom.development.js:26434:7)
      at performConcurrentWorkOnRoot (node_modules/react-dom/cjs/react-dom.development.js:25738:74)
      at flushActQueue (node_modules/react/cjs/react.development.js:2667:24)
      at act (node_modules/react/cjs/react.development.js:2582:11)
      at node_modules/@testing-library/react/dist/act-compat.js:63:25
      at renderRoot (node_modules/@testing-library/react/dist/pure.js:159:26)
      at render (node_modules/@testing-library/react/dist/pure.js:246:10)
      at Object.<anonymous> (src/App.test.tsx:6:11)

    console.error
      Warning: Encountered two children with the same key, `null`. Keys should be unique so that components maintain their identity across updates. Non-unique keys may cause children to be duplicated and/or omitted — the behavior is unsupported and could change in a future version.
          at div
          at /home/runner/work/Team5-MoviePedia/Team5-MoviePedia/node_modules/@emotion/react/dist/emotion-element-b63ca7c6.cjs.dev.js:43:23
          at ChakraComponent (/home/runner/work/Team5-MoviePedia/Team5-MoviePedia/node_modules/@chakra-ui/system/dist/index.js:228:71)
          at Grid2 (/home/runner/work/Team5-MoviePedia/Team5-MoviePedia/node_modules/@chakra-ui/layout/dist/index.js:327:5)
          at SimpleGrid2 (/home/runner/work/Team5-MoviePedia/Team5-MoviePedia/node_modules/@chakra-ui/layout/dist/index.js:618:13)
          at div
          at /home/runner/work/Team5-MoviePedia/Team5-MoviePedia/node_modules/@emotion/react/dist/emotion-element-b63ca7c6.cjs.dev.js:43:23
          at ChakraComponent (/home/runner/work/Team5-MoviePedia/Team5-MoviePedia/node_modules/@chakra-ui/system/dist/index.js:228:71)
          at Container2 (/home/runner/work/Team5-MoviePedia/Team5-MoviePedia/node_modules/@chakra-ui/layout/dist/index.js:232:52)
          at div
          at MovieCards (/home/runner/work/Team5-MoviePedia/Team5-MoviePedia/src/components/MovieCards.tsx:21:5)
          at div
          at /home/runner/work/Team5-MoviePedia/Team5-MoviePedia/node_modules/@emotion/react/dist/emotion-element-b63ca7c6.cjs.dev.js:43:23
          at ChakraComponent (/home/runner/work/Team5-MoviePedia/Team5-MoviePedia/node_modules/@chakra-ui/system/dist/index.js:228:71)
          at div
          at /home/runner/work/Team5-MoviePedia/Team5-MoviePedia/node_modules/@emotion/react/dist/emotion-element-b63ca7c6.cjs.dev.js:43:23
          at ChakraComponent (/home/runner/work/Team5-MoviePedia/Team5-MoviePedia/node_modules/@chakra-ui/system/dist/index.js:228:71)
          at Flex2 (/home/runner/work/Team5-MoviePedia/Team5-MoviePedia/node_modules/@chakra-ui/layout/dist/index.js:307:11)
          at div
          at App (/home/runner/work/Team5-MoviePedia/Team5-MoviePedia/src/App.tsx:32:45)

      4 |
      5 | test("renders learn react link", () => {
    > 6 |     render(<App />);
        |           ^
      7 |     const linkElement = screen.getByText(/learn react/i);
      8 |     expect(linkElement).toBeInTheDocument();
      9 | });

      at printWarning (node_modules/react-dom/cjs/react-dom.development.js:86:30)
      at error (node_modules/react-dom/cjs/react-dom.development.js:60:7)
      at warnOnInvalidKey (node_modules/react-dom/cjs/react-dom.development.js:15293:11)
      at reconcileChildrenArray (node_modules/react-dom/cjs/react-dom.development.js:15330:21)
      at reconcileChildFibers (node_modules/react-dom/cjs/react-dom.development.js:15821:16)
      at reconcileChildren (node_modules/react-dom/cjs/react-dom.development.js:19167:28)
      at updateHostComponent (node_modules/react-dom/cjs/react-dom.development.js:19924:3)
      at beginWork (node_modules/react-dom/cjs/react-dom.development.js:21618:14)
      at beginWork$1 (node_modules/react-dom/cjs/react-dom.development.js:27426:14)
      at performUnitOfWork (node_modules/react-dom/cjs/react-dom.development.js:26560:12)
      at workLoopSync (node_modules/react-dom/cjs/react-dom.development.js:26466:5)
      at renderRootSync (node_modules/react-dom/cjs/react-dom.development.js:26434:7)
      at performConcurrentWorkOnRoot (node_modules/react-dom/cjs/react-dom.development.js:25738:74)
      at flushActQueue (node_modules/react/cjs/react.development.js:2667:24)
      at act (node_modules/react/cjs/react.development.js:2582:11)
      at node_modules/@testing-library/react/dist/act-compat.js:63:25
      at renderRoot (node_modules/@testing-library/react/dist/pure.js:159:26)
      at render (node_modules/@testing-library/react/dist/pure.js:246:10)
      at Object.<anonymous> (src/App.test.tsx:6:11)

    console.error
      Warning: Encountered two children with the same key, `null`. Keys should be unique so that components maintain their identity across updates. Non-unique keys may cause children to be duplicated and/or omitted — the behavior is unsupported and could change in a future version.
          at div
          at /home/runner/work/Team5-MoviePedia/Team5-MoviePedia/node_modules/@emotion/react/dist/emotion-element-b63ca7c6.cjs.dev.js:43:23
          at ChakraComponent (/home/runner/work/Team5-MoviePedia/Team5-MoviePedia/node_modules/@chakra-ui/system/dist/index.js:228:71)
          at Grid2 (/home/runner/work/Team5-MoviePedia/Team5-MoviePedia/node_modules/@chakra-ui/layout/dist/index.js:327:5)
          at SimpleGrid2 (/home/runner/work/Team5-MoviePedia/Team5-MoviePedia/node_modules/@chakra-ui/layout/dist/index.js:618:13)
          at div
          at /home/runner/work/Team5-MoviePedia/Team5-MoviePedia/node_modules/@emotion/react/dist/emotion-element-b63ca7c6.cjs.dev.js:43:23
          at ChakraComponent (/home/runner/work/Team5-MoviePedia/Team5-MoviePedia/node_modules/@chakra-ui/system/dist/index.js:228:71)
          at Container2 (/home/runner/work/Team5-MoviePedia/Team5-MoviePedia/node_modules/@chakra-ui/layout/dist/index.js:232:52)
          at div
          at MovieCards (/home/runner/work/Team5-MoviePedia/Team5-MoviePedia/src/components/MovieCards.tsx:21:5)
          at div
          at /home/runner/work/Team5-MoviePedia/Team5-MoviePedia/node_modules/@emotion/react/dist/emotion-element-b63ca7c6.cjs.dev.js:43:23
          at ChakraComponent (/home/runner/work/Team5-MoviePedia/Team5-MoviePedia/node_modules/@chakra-ui/system/dist/index.js:228:71)
          at div
          at /home/runner/work/Team5-MoviePedia/Team5-MoviePedia/node_modules/@emotion/react/dist/emotion-element-b63ca7c6.cjs.dev.js:43:23
          at ChakraComponent (/home/runner/work/Team5-MoviePedia/Team5-MoviePedia/node_modules/@chakra-ui/system/dist/index.js:228:71)
          at Flex2 (/home/runner/work/Team5-MoviePedia/Team5-MoviePedia/node_modules/@chakra-ui/layout/dist/index.js:307:11)
          at div
          at App (/home/runner/work/Team5-MoviePedia/Team5-MoviePedia/src/App.tsx:32:45)

      4 |
      5 | test("renders learn react link", () => {
    > 6 |     render(<App />);
        |           ^
      7 |     const linkElement = screen.getByText(/learn react/i);
      8 |     expect(linkElement).toBeInTheDocument();
      9 | });

      at printWarning (node_modules/react-dom/cjs/react-dom.development.js:86:30)
      at error (node_modules/react-dom/cjs/react-dom.development.js:60:7)
      at warnOnInvalidKey (node_modules/react-dom/cjs/react-dom.development.js:15293:11)
      at reconcileChildrenArray (node_modules/react-dom/cjs/react-dom.development.js:15330:21)
      at reconcileChildFibers (node_modules/react-dom/cjs/react-dom.development.js:15821:16)
      at reconcileChildren (node_modules/react-dom/cjs/react-dom.development.js:19167:28)
      at updateHostComponent (node_modules/react-dom/cjs/react-dom.development.js:19924:3)
      at beginWork (node_modules/react-dom/cjs/react-dom.development.js:21618:14)
      at beginWork$1 (node_modules/react-dom/cjs/react-dom.development.js:27426:14)
      at performUnitOfWork (node_modules/react-dom/cjs/react-dom.development.js:26560:12)
      at workLoopSync (node_modules/react-dom/cjs/react-dom.development.js:26466:5)
      at renderRootSync (node_modules/react-dom/cjs/react-dom.development.js:26434:7)
      at performConcurrentWorkOnRoot (node_modules/react-dom/cjs/react-dom.development.js:25738:74)
      at flushActQueue (node_modules/react/cjs/react.development.js:2667:24)
      at act (node_modules/react/cjs/react.development.js:2582:11)
      at node_modules/@testing-library/react/dist/act-compat.js:63:25
      at renderRoot (node_modules/@testing-library/react/dist/pure.js:159:26)
      at render (node_modules/@testing-library/react/dist/pure.js:246:10)
      at Object.<anonymous> (src/App.test.tsx:6:11)

    console.error
      Warning: Encountered two children with the same key, `null`. Keys should be unique so that components maintain their identity across updates. Non-unique keys may cause children to be duplicated and/or omitted — the behavior is unsupported and could change in a future version.
          at div
          at /home/runner/work/Team5-MoviePedia/Team5-MoviePedia/node_modules/@emotion/react/dist/emotion-element-b63ca7c6.cjs.dev.js:43:23
          at ChakraComponent (/home/runner/work/Team5-MoviePedia/Team5-MoviePedia/node_modules/@chakra-ui/system/dist/index.js:228:71)
          at Grid2 (/home/runner/work/Team5-MoviePedia/Team5-MoviePedia/node_modules/@chakra-ui/layout/dist/index.js:327:5)
          at SimpleGrid2 (/home/runner/work/Team5-MoviePedia/Team5-MoviePedia/node_modules/@chakra-ui/layout/dist/index.js:618:13)
          at div
          at /home/runner/work/Team5-MoviePedia/Team5-MoviePedia/node_modules/@emotion/react/dist/emotion-element-b63ca7c6.cjs.dev.js:43:23
          at ChakraComponent (/home/runner/work/Team5-MoviePedia/Team5-MoviePedia/node_modules/@chakra-ui/system/dist/index.js:228:71)
          at Container2 (/home/runner/work/Team5-MoviePedia/Team5-MoviePedia/node_modules/@chakra-ui/layout/dist/index.js:232:52)
          at div
          at MovieCards (/home/runner/work/Team5-MoviePedia/Team5-MoviePedia/src/components/MovieCards.tsx:21:5)
          at div
          at /home/runner/work/Team5-MoviePedia/Team5-MoviePedia/node_modules/@emotion/react/dist/emotion-element-b63ca7c6.cjs.dev.js:43:23
          at ChakraComponent (/home/runner/work/Team5-MoviePedia/Team5-MoviePedia/node_modules/@chakra-ui/system/dist/index.js:228:71)
          at div
          at /home/runner/work/Team5-MoviePedia/Team5-MoviePedia/node_modules/@emotion/react/dist/emotion-element-b63ca7c6.cjs.dev.js:43:23
          at ChakraComponent (/home/runner/work/Team5-MoviePedia/Team5-MoviePedia/node_modules/@chakra-ui/system/dist/index.js:228:71)
          at Flex2 (/home/runner/work/Team5-MoviePedia/Team5-MoviePedia/node_modules/@chakra-ui/layout/dist/index.js:307:11)
          at div
          at App (/home/runner/work/Team5-MoviePedia/Team5-MoviePedia/src/App.tsx:32:45)

      4 |
      5 | test("renders learn react link", () => {
    > 6 |     render(<App />);
        |           ^
      7 |     const linkElement = screen.getByText(/learn react/i);
      8 |     expect(linkElement).toBeInTheDocument();
      9 | });

      at printWarning (node_modules/react-dom/cjs/react-dom.development.js:86:30)
      at error (node_modules/react-dom/cjs/react-dom.development.js:60:7)
      at warnOnInvalidKey (node_modules/react-dom/cjs/react-dom.development.js:15293:11)
      at reconcileChildrenArray (node_modules/react-dom/cjs/react-dom.development.js:15330:21)
      at reconcileChildFibers (node_modules/react-dom/cjs/react-dom.development.js:15821:16)
      at reconcileChildren (node_modules/react-dom/cjs/react-dom.development.js:19167:28)
      at updateHostComponent (node_modules/react-dom/cjs/react-dom.development.js:19924:3)
      at beginWork (node_modules/react-dom/cjs/react-dom.development.js:21618:14)
      at beginWork$1 (node_modules/react-dom/cjs/react-dom.development.js:27426:14)
      at performUnitOfWork (node_modules/react-dom/cjs/react-dom.development.js:26560:12)
      at workLoopSync (node_modules/react-dom/cjs/react-dom.development.js:26466:5)
      at renderRootSync (node_modules/react-dom/cjs/react-dom.development.js:26434:7)
      at performConcurrentWorkOnRoot (node_modules/react-dom/cjs/react-dom.development.js:25738:74)
      at flushActQueue (node_modules/react/cjs/react.development.js:2667:24)
      at act (node_modules/react/cjs/react.development.js:2582:11)
      at node_modules/@testing-library/react/dist/act-compat.js:63:25
      at renderRoot (node_modules/@testing-library/react/dist/pure.js:159:26)
      at render (node_modules/@testing-library/react/dist/pure.js:246:10)
      at Object.<anonymous> (src/App.test.tsx:6:11)

    console.error
      Warning: Encountered two children with the same key, `null`. Keys should be unique so that components maintain their identity across updates. Non-unique keys may cause children to be duplicated and/or omitted — the behavior is unsupported and could change in a future version.
          at div
          at /home/runner/work/Team5-MoviePedia/Team5-MoviePedia/node_modules/@emotion/react/dist/emotion-element-b63ca7c6.cjs.dev.js:43:23
          at ChakraComponent (/home/runner/work/Team5-MoviePedia/Team5-MoviePedia/node_modules/@chakra-ui/system/dist/index.js:228:71)
          at Grid2 (/home/runner/work/Team5-MoviePedia/Team5-MoviePedia/node_modules/@chakra-ui/layout/dist/index.js:327:5)
          at SimpleGrid2 (/home/runner/work/Team5-MoviePedia/Team5-MoviePedia/node_modules/@chakra-ui/layout/dist/index.js:618:13)
          at div
          at /home/runner/work/Team5-MoviePedia/Team5-MoviePedia/node_modules/@emotion/react/dist/emotion-element-b63ca7c6.cjs.dev.js:43:23
          at ChakraComponent (/home/runner/work/Team5-MoviePedia/Team5-MoviePedia/node_modules/@chakra-ui/system/dist/index.js:228:71)
          at Container2 (/home/runner/work/Team5-MoviePedia/Team5-MoviePedia/node_modules/@chakra-ui/layout/dist/index.js:232:52)
          at div
          at MovieCards (/home/runner/work/Team5-MoviePedia/Team5-MoviePedia/src/components/MovieCards.tsx:21:5)
          at div
          at /home/runner/work/Team5-MoviePedia/Team5-MoviePedia/node_modules/@emotion/react/dist/emotion-element-b63ca7c6.cjs.dev.js:43:23
          at ChakraComponent (/home/runner/work/Team5-MoviePedia/Team5-MoviePedia/node_modules/@chakra-ui/system/dist/index.js:228:71)
          at div
          at /home/runner/work/Team5-MoviePedia/Team5-MoviePedia/node_modules/@emotion/react/dist/emotion-element-b63ca7c6.cjs.dev.js:43:23
          at ChakraComponent (/home/runner/work/Team5-MoviePedia/Team5-MoviePedia/node_modules/@chakra-ui/system/dist/index.js:228:71)
          at Flex2 (/home/runner/work/Team5-MoviePedia/Team5-MoviePedia/node_modules/@chakra-ui/layout/dist/index.js:307:11)
          at div
          at App (/home/runner/work/Team5-MoviePedia/Team5-MoviePedia/src/App.tsx:32:45)

      4 |
      5 | test("renders learn react link", () => {
    > 6 |     render(<App />);
        |           ^
      7 |     const linkElement = screen.getByText(/learn react/i);
      8 |     expect(linkElement).toBeInTheDocument();
      9 | });

      at printWarning (node_modules/react-dom/cjs/react-dom.development.js:86:30)
      at error (node_modules/react-dom/cjs/react-dom.development.js:60:7)
      at warnOnInvalidKey (node_modules/react-dom/cjs/react-dom.development.js:15293:11)
      at reconcileChildrenArray (node_modules/react-dom/cjs/react-dom.development.js:15330:21)
      at reconcileChildFibers (node_modules/react-dom/cjs/react-dom.development.js:15821:16)
      at reconcileChildren (node_modules/react-dom/cjs/react-dom.development.js:19167:28)
      at updateHostComponent (node_modules/react-dom/cjs/react-dom.development.js:19924:3)
      at beginWork (node_modules/react-dom/cjs/react-dom.development.js:21618:14)
      at beginWork$1 (node_modules/react-dom/cjs/react-dom.development.js:27426:14)
      at performUnitOfWork (node_modules/react-dom/cjs/react-dom.development.js:26560:12)
      at workLoopSync (node_modules/react-dom/cjs/react-dom.development.js:26466:5)
      at renderRootSync (node_modules/react-dom/cjs/react-dom.development.js:26434:7)
      at performConcurrentWorkOnRoot (node_modules/react-dom/cjs/react-dom.development.js:25738:74)
      at flushActQueue (node_modules/react/cjs/react.development.js:2667:24)
      at act (node_modules/react/cjs/react.development.js:2582:11)
      at node_modules/@testing-library/react/dist/act-compat.js:63:25
      at renderRoot (node_modules/@testing-library/react/dist/pure.js:159:26)
      at render (node_modules/@testing-library/react/dist/pure.js:246:10)
      at Object.<anonymous> (src/App.test.tsx:6:11)

    console.error
      Warning: Encountered two children with the same key, `null`. Keys should be unique so that components maintain their identity across updates. Non-unique keys may cause children to be duplicated and/or omitted — the behavior is unsupported and could change in a future version.
          at div
          at /home/runner/work/Team5-MoviePedia/Team5-MoviePedia/node_modules/@emotion/react/dist/emotion-element-b63ca7c6.cjs.dev.js:43:23
          at ChakraComponent (/home/runner/work/Team5-MoviePedia/Team5-MoviePedia/node_modules/@chakra-ui/system/dist/index.js:228:71)
          at Grid2 (/home/runner/work/Team5-MoviePedia/Team5-MoviePedia/node_modules/@chakra-ui/layout/dist/index.js:327:5)
          at SimpleGrid2 (/home/runner/work/Team5-MoviePedia/Team5-MoviePedia/node_modules/@chakra-ui/layout/dist/index.js:618:13)
          at div
          at /home/runner/work/Team5-MoviePedia/Team5-MoviePedia/node_modules/@emotion/react/dist/emotion-element-b63ca7c6.cjs.dev.js:43:23
          at ChakraComponent (/home/runner/work/Team5-MoviePedia/Team5-MoviePedia/node_modules/@chakra-ui/system/dist/index.js:228:71)
          at Container2 (/home/runner/work/Team5-MoviePedia/Team5-MoviePedia/node_modules/@chakra-ui/layout/dist/index.js:232:52)
          at div
          at MovieCards (/home/runner/work/Team5-MoviePedia/Team5-MoviePedia/src/components/MovieCards.tsx:21:5)
          at div
          at /home/runner/work/Team5-MoviePedia/Team5-MoviePedia/node_modules/@emotion/react/dist/emotion-element-b63ca7c6.cjs.dev.js:43:23
          at ChakraComponent (/home/runner/work/Team5-MoviePedia/Team5-MoviePedia/node_modules/@chakra-ui/system/dist/index.js:228:71)
          at div
          at /home/runner/work/Team5-MoviePedia/Team5-MoviePedia/node_modules/@emotion/react/dist/emotion-element-b63ca7c6.cjs.dev.js:43:23
          at ChakraComponent (/home/runner/work/Team5-MoviePedia/Team5-MoviePedia/node_modules/@chakra-ui/system/dist/index.js:228:71)
          at Flex2 (/home/runner/work/Team5-MoviePedia/Team5-MoviePedia/node_modules/@chakra-ui/layout/dist/index.js:307:11)
          at div
          at App (/home/runner/work/Team5-MoviePedia/Team5-MoviePedia/src/App.tsx:32:45)

      4 |
      5 | test("renders learn react link", () => {
    > 6 |     render(<App />);
        |           ^
      7 |     const linkElement = screen.getByText(/learn react/i);
      8 |     expect(linkElement).toBeInTheDocument();
      9 | });

      at printWarning (node_modules/react-dom/cjs/react-dom.development.js:86:30)
      at error (node_modules/react-dom/cjs/react-dom.development.js:60:7)
      at warnOnInvalidKey (node_modules/react-dom/cjs/react-dom.development.js:15293:11)
      at reconcileChildrenArray (node_modules/react-dom/cjs/react-dom.development.js:15330:21)
      at reconcileChildFibers (node_modules/react-dom/cjs/react-dom.development.js:15821:16)
      at reconcileChildren (node_modules/react-dom/cjs/react-dom.development.js:19167:28)
      at updateHostComponent (node_modules/react-dom/cjs/react-dom.development.js:19924:3)
      at beginWork (node_modules/react-dom/cjs/react-dom.development.js:21618:14)
      at beginWork$1 (node_modules/react-dom/cjs/react-dom.development.js:27426:14)
      at performUnitOfWork (node_modules/react-dom/cjs/react-dom.development.js:26560:12)
      at workLoopSync (node_modules/react-dom/cjs/react-dom.development.js:26466:5)
      at renderRootSync (node_modules/react-dom/cjs/react-dom.development.js:26434:7)
      at performConcurrentWorkOnRoot (node_modules/react-dom/cjs/react-dom.development.js:25738:74)
      at flushActQueue (node_modules/react/cjs/react.development.js:2667:24)
      at act (node_modules/react/cjs/react.development.js:2582:11)
      at node_modules/@testing-library/react/dist/act-compat.js:63:25
      at renderRoot (node_modules/@testing-library/react/dist/pure.js:159:26)
      at render (node_modules/@testing-library/react/dist/pure.js:246:10)
      at Object.<anonymous> (src/App.test.tsx:6:11)

    console.error
      Warning: Encountered two children with the same key, `null`. Keys should be unique so that components maintain their identity across updates. Non-unique keys may cause children to be duplicated and/or omitted — the behavior is unsupported and could change in a future version.
          at div
          at /home/runner/work/Team5-MoviePedia/Team5-MoviePedia/node_modules/@emotion/react/dist/emotion-element-b63ca7c6.cjs.dev.js:43:23
          at ChakraComponent (/home/runner/work/Team5-MoviePedia/Team5-MoviePedia/node_modules/@chakra-ui/system/dist/index.js:228:71)
          at Grid2 (/home/runner/work/Team5-MoviePedia/Team5-MoviePedia/node_modules/@chakra-ui/layout/dist/index.js:327:5)
          at SimpleGrid2 (/home/runner/work/Team5-MoviePedia/Team5-MoviePedia/node_modules/@chakra-ui/layout/dist/index.js:618:13)
          at div
          at /home/runner/work/Team5-MoviePedia/Team5-MoviePedia/node_modules/@emotion/react/dist/emotion-element-b63ca7c6.cjs.dev.js:43:23
          at ChakraComponent (/home/runner/work/Team5-MoviePedia/Team5-MoviePedia/node_modules/@chakra-ui/system/dist/index.js:228:71)
          at Container2 (/home/runner/work/Team5-MoviePedia/Team5-MoviePedia/node_modules/@chakra-ui/layout/dist/index.js:232:52)
          at div
          at MovieCards (/home/runner/work/Team5-MoviePedia/Team5-MoviePedia/src/components/MovieCards.tsx:21:5)
          at div
          at /home/runner/work/Team5-MoviePedia/Team5-MoviePedia/node_modules/@emotion/react/dist/emotion-element-b63ca7c6.cjs.dev.js:43:23
          at ChakraComponent (/home/runner/work/Team5-MoviePedia/Team5-MoviePedia/node_modules/@chakra-ui/system/dist/index.js:228:71)
          at div
          at /home/runner/work/Team5-MoviePedia/Team5-MoviePedia/node_modules/@emotion/react/dist/emotion-element-b63ca7c6.cjs.dev.js:43:23
          at ChakraComponent (/home/runner/work/Team5-MoviePedia/Team5-MoviePedia/node_modules/@chakra-ui/system/dist/index.js:228:71)
          at Flex2 (/home/runner/work/Team5-MoviePedia/Team5-MoviePedia/node_modules/@chakra-ui/layout/dist/index.js:307:11)
          at div
          at App (/home/runner/work/Team5-MoviePedia/Team5-MoviePedia/src/App.tsx:32:45)

      4 |
      5 | test("renders learn react link", () => {
    > 6 |     render(<App />);
        |           ^
      7 |     const linkElement = screen.getByText(/learn react/i);
      8 |     expect(linkElement).toBeInTheDocument();
      9 | });

      at printWarning (node_modules/react-dom/cjs/react-dom.development.js:86:30)
      at error (node_modules/react-dom/cjs/react-dom.development.js:60:7)
      at warnOnInvalidKey (node_modules/react-dom/cjs/react-dom.development.js:15293:11)
      at reconcileChildrenArray (node_modules/react-dom/cjs/react-dom.development.js:15330:21)
      at reconcileChildFibers (node_modules/react-dom/cjs/react-dom.development.js:15821:16)
      at reconcileChildren (node_modules/react-dom/cjs/react-dom.development.js:19167:28)
      at updateHostComponent (node_modules/react-dom/cjs/react-dom.development.js:19924:3)
      at beginWork (node_modules/react-dom/cjs/react-dom.development.js:21618:14)
      at beginWork$1 (node_modules/react-dom/cjs/react-dom.development.js:27426:14)
      at performUnitOfWork (node_modules/react-dom/cjs/react-dom.development.js:26560:12)
      at workLoopSync (node_modules/react-dom/cjs/react-dom.development.js:26466:5)
      at renderRootSync (node_modules/react-dom/cjs/react-dom.development.js:26434:7)
      at performConcurrentWorkOnRoot (node_modules/react-dom/cjs/react-dom.development.js:25738:74)
      at flushActQueue (node_modules/react/cjs/react.development.js:2667:24)
      at act (node_modules/react/cjs/react.development.js:2582:11)
      at node_modules/@testing-library/react/dist/act-compat.js:63:25
      at renderRoot (node_modules/@testing-library/react/dist/pure.js:159:26)
      at render (node_modules/@testing-library/react/dist/pure.js:246:10)
      at Object.<anonymous> (src/App.test.tsx:6:11)

    console.error
      Warning: Encountered two children with the same key, `null`. Keys should be unique so that components maintain their identity across updates. Non-unique keys may cause children to be duplicated and/or omitted — the behavior is unsupported and could change in a future version.
          at div
          at /home/runner/work/Team5-MoviePedia/Team5-MoviePedia/node_modules/@emotion/react/dist/emotion-element-b63ca7c6.cjs.dev.js:43:23
          at ChakraComponent (/home/runner/work/Team5-MoviePedia/Team5-MoviePedia/node_modules/@chakra-ui/system/dist/index.js:228:71)
          at Grid2 (/home/runner/work/Team5-MoviePedia/Team5-MoviePedia/node_modules/@chakra-ui/layout/dist/index.js:327:5)
          at SimpleGrid2 (/home/runner/work/Team5-MoviePedia/Team5-MoviePedia/node_modules/@chakra-ui/layout/dist/index.js:618:13)
          at div
          at /home/runner/work/Team5-MoviePedia/Team5-MoviePedia/node_modules/@emotion/react/dist/emotion-element-b63ca7c6.cjs.dev.js:43:23
          at ChakraComponent (/home/runner/work/Team5-MoviePedia/Team5-MoviePedia/node_modules/@chakra-ui/system/dist/index.js:228:71)
          at Container2 (/home/runner/work/Team5-MoviePedia/Team5-MoviePedia/node_modules/@chakra-ui/layout/dist/index.js:232:52)
          at div
          at MovieCards (/home/runner/work/Team5-MoviePedia/Team5-MoviePedia/src/components/MovieCards.tsx:21:5)
          at div
          at /home/runner/work/Team5-MoviePedia/Team5-MoviePedia/node_modules/@emotion/react/dist/emotion-element-b63ca7c6.cjs.dev.js:43:23
          at ChakraComponent (/home/runner/work/Team5-MoviePedia/Team5-MoviePedia/node_modules/@chakra-ui/system/dist/index.js:228:71)
          at div
          at /home/runner/work/Team5-MoviePedia/Team5-MoviePedia/node_modules/@emotion/react/dist/emotion-element-b63ca7c6.cjs.dev.js:43:23
          at ChakraComponent (/home/runner/work/Team5-MoviePedia/Team5-MoviePedia/node_modules/@chakra-ui/system/dist/index.js:228:71)
          at Flex2 (/home/runner/work/Team5-MoviePedia/Team5-MoviePedia/node_modules/@chakra-ui/layout/dist/index.js:307:11)
          at div
          at App (/home/runner/work/Team5-MoviePedia/Team5-MoviePedia/src/App.tsx:32:45)

      4 |
      5 | test("renders learn react link", () => {
    > 6 |     render(<App />);
        |           ^
      7 |     const linkElement = screen.getByText(/learn react/i);
      8 |     expect(linkElement).toBeInTheDocument();
      9 | });

      at printWarning (node_modules/react-dom/cjs/react-dom.development.js:86:30)
      at error (node_modules/react-dom/cjs/react-dom.development.js:60:7)
      at warnOnInvalidKey (node_modules/react-dom/cjs/react-dom.development.js:15293:11)
      at reconcileChildrenArray (node_modules/react-dom/cjs/react-dom.development.js:15330:21)
      at reconcileChildFibers (node_modules/react-dom/cjs/react-dom.development.js:15821:16)
      at reconcileChildren (node_modules/react-dom/cjs/react-dom.development.js:19167:28)
      at updateHostComponent (node_modules/react-dom/cjs/react-dom.development.js:19924:3)
      at beginWork (node_modules/react-dom/cjs/react-dom.development.js:21618:14)
      at beginWork$1 (node_modules/react-dom/cjs/react-dom.development.js:27426:14)
      at performUnitOfWork (node_modules/react-dom/cjs/react-dom.development.js:26560:12)
      at workLoopSync (node_modules/react-dom/cjs/react-dom.development.js:26466:5)
      at renderRootSync (node_modules/react-dom/cjs/react-dom.development.js:26434:7)
      at performConcurrentWorkOnRoot (node_modules/react-dom/cjs/react-dom.development.js:25738:74)
      at flushActQueue (node_modules/react/cjs/react.development.js:2667:24)
      at act (node_modules/react/cjs/react.development.js:2582:11)
      at node_modules/@testing-library/react/dist/act-compat.js:63:25
      at renderRoot (node_modules/@testing-library/react/dist/pure.js:159:26)
      at render (node_modules/@testing-library/react/dist/pure.js:246:10)
      at Object.<anonymous> (src/App.test.tsx:6:11)

  ● renders learn react link

    TestingLibraryElementError: Unable to find an element with the text: /learn react/i. This could be because the text is broken up by multiple elements. In this case, you can provide a function for your text matcher to make your matcher more flexible.

    Ignored nodes: comments, script, style
    [36m<body>[39m
      [36m<div>[39m
        [36m<div[39m
          [33mclass[39m=[32m"App"[39m
        [36m>[39m
          [36m<div[39m
            [33mclass[39m=[32m"chakra-stack css-tyga07"[39m
          [36m>[39m
            [36m<div[39m
              [33mclass[39m=[32m"chakra-stack css-84zodg"[39m
            [36m>[39m
              [36m<img[39m
                [33malt[39m=[32m"Clapboard Logo"[39m
                [33msrc[39m=[32m"logo512.png"[39m
                [33mwidth[39m=[32m"50"[39m
              [36m/>[39m
              [36m<h2[39m
                [33mclass[39m=[32m"chakra-heading css-yc55n3"[39m
              [36m>[39m
                [0mMoviePedia[0m
              [36m</h2>[39m
            [36m</div>[39m
            [36m<div[39m
              [33mclass[39m=[32m"chakra-stack css-n21gh5"[39m
            [36m>[39m
              [36m<h3[39m
                [33mclass[39m=[32m"chakra-heading css-0"[39m
              [36m>[39m
                [36m<svg[39m
                  [33mclass[39m=[32m"chakra-icon css-onkibi"[39m
                  [33mfocusable[39m=[32m"false"[39m
                  [33mviewBox[39m=[32m"0 0 24 24"[39m
                [36m>[39m
                  [36m<g[39m
                    [33mfill[39m=[32m"currentColor"[39m
                  [36m>[39m
                    [36m<path[39m
                      [33md[39m=[32m"M23.432,10.524C20.787,7.614,16.4,4.538,12,4.6,7.6,4.537,3.213,7.615.568,10.524a2.211,2.211,0,0,0,0,2.948C3.182,16.351,7.507,19.4,11.839,19.4h.308c4.347,0,8.671-3.049,11.288-5.929A2.21,2.21,0,0,0,23.432,10.524ZM7.4,12A4.6,4.6,0,1,1,12,16.6,4.6,4.6,0,0,1,7.4,12Z"[39m
                    [36m/>[39m
                    [36m<circle[39m
                      [33mcx[39m=[32m"12"[39m
                      [33mcy[39m=[32m"12"[39m
                      [33mr[39m=[32m"2"[39m
                    [36m/>[39m
                  [36m</g>[39m
                [36m</svg>[39m
                [0m  Viewing as: [0m
                [0mUser[0m
              [36m</h3>[39m
              [36m<div[39m
                [33mclass[39m=[32m"chakra-radio-group css-0"[39m
                [33mrole[39m=[32m"radiogroup"[39m
              [36m>[39m
                [36m<div[39m
                  [33mclass[39m=[32m"chakra-stack css-x9juev"[39m
                [36m>[39m
                  [36m<label[39m
                    [33mclass[39m=[32m"chakra-radio css-8n41ww"[39m
                  [36m>[39m
                    [36m<input[39m
                      [33mclass[39m=[32m"chakra-radio__input"[39m
                      [33mid[39m=[32m"radio-:r1:"[39m
                      [33mname[39m=[32m"radio-:r0:"[39m
                      [33mstyle[39m=[32m"border: 0px; clip: rect(0px, 0px, 0px, 0px); height: 1px; width: 1px; margin: -1px; padding: 0px; overflow: hidden; white-space: nowrap; position: absolute;"[39m
                      [33mtype[39m=[32m"radio"[39m
                      [33mvalue[39m=[32m"Super"[39m
                    [36m/>[39m
                    [36m<span[39m
                      [33maria-hidden[39m=[32m"true"[39m
                      [33mclass[39m=[32m"chakra-radio__control css-19txtjt"[39m
                    [36m/>[39m
                    [36m<span[39m
                      [33mclass[39m=[32m"chakra-radio__label css-1y8kf23"[39m
                    [36m>[39m
                      [0mSuper[0m
                    [36m</span>[39m
                  [36m</label>[39m
                  [36m<label[39m
                    [33mclass[39m=[32m"chakra-radio css-8n41ww"[39m
                  [36m>[39m
                    [36m<input[39m
                      [33mclass[39m=[32m"chakra-radio__input"[39m
                      [33mid[39m=[32m"radio-:r2:"[39m
                      [33mname[39m=[32m"radio-:r0:"[39m
                      [33mstyle[39m=[32m"border: 0px; clip: rect(0px, 0px, 0px, 0px); height: 1px; width: 1px; margin: -1px; padding: 0px; overflow: hidden; white-space: nowrap; position: absolute;"[39m
                      [33mtype[39m=[32m"radio"[39m
                      [33mvalue[39m=[32m"Admin"[39m
                    [36m/>[39m
                    [36m<span[39m
                      [33maria-hidden[39m=[32m"true"[39m
                      [33mclass[39m=[32m"chakra-radio__control css-19txtjt"[39m
                    [36m/>[39m
                    [36m<span[39m
                      [33mclass[39m=[32m"chakra-radio__label css-1y8kf23"[39m
                    [36m>[39m
                      [0mAdmin[0m
                    [36m</span>[39m
                  [36m</label>[39m
                  [36m<label[39m
                    [33mclass[39m=[32m"chakra-radio css-8n41ww"[39m
                    [33mdata-checked[39m=[32m""[39m
                  [36m>[39m
                    [36m<input[39m
                      [33mchecked[39m=[32m""[39m
                      [33mclass[39m=[32m"chakra-radio__input"[39m
                      [33mid[39m=[32m"radio-:r3:"[39m
                      [33mname[39m=[32m"radio-:r0:"[39m
                      [33mstyle[39m=[32m"border: 0px; clip: rect(0px, 0px, 0px, 0px); height: 1px; width: 1px; margin: -1px; padding: 0px; overflow: hidden; white-space: nowrap; position: absolute;"[39m
                      [33mtype[39m=[32m"radio"[39m
                      [33mvalue[39m=[32m"User"[39m
                    [36m/>[39m
                    [36m<span[39m
                      [33maria-hidden[39m=[32m"true"[39m
                      [33mclass[39m=[32m"chakra-radio__control css-19txtjt"[39m
                      [33mdata-checked[39m=[32m""[39m
                    [36m/>[39m
                    [36m<span[39m
                      [33mclass[39m=[32m"chakra-radio__label css-1y8kf23"[39m
                      [33mdata-checked[39m=[32m""[39m
                    [36m>[39m
                      [0mUser[0m
                    [36m</span>[39m
                  [36m</label>[39m
                [36m</div>[39m
              [36m</div>[39m
            [36m</div>[39m
          [36m</div>[39m
          [36m<br />[39m
          [36m<div[39m
            [33mclass[39m=[32m"css-clmqzu"[39m
          [36m>[39m
            [36m<div[39m
              [33mclass[39m=[32m"css-11ze7cv"[39m
            [36m>[39m
              [36m<h2[39m
                [33mclass[39m=[32m"chakra-heading css-0"[39m
              [36m>[39m
                [0mCentral Movie List[0m
              [36m</h2>[39m
              [36m<br />[39m
              [36m<div[39m
                [33mid[39m=[32m"movie-list"[39m
              [36m>[39m
                [36m<div[39m
                  [33mclass[39m=[32m"chakra-container css-0"[39m
                [36m>[39m
                  [36m<div[39m
                    [33mclass[39m=[32m"css-1e88rvj"[39m
                  [36m>[39m
                    [36m<h2[39m
                      [33mclass[39m=[32m"chakra-heading css-0"[39m
                    [36m>[39m
                      [0mFilter by Genre:  [0m
                    [36m</h2>[39m
                    [0m(unfinished) [0m
                    [36m<div[39m
                      [33mclass[39m=[32m"chakra-select__wrapper css-vaqiau"[39m
                    [36m>[39m
                      [36m<select[39m
              ...

       5 | test("renders learn react link", () => {
       6 |     render(<App />);
    >  7 |     const linkElement = screen.getByText(/learn react/i);
         |                                ^
       8 |     expect(linkElement).toBeInTheDocument();
       9 | });
      10 |

      at Object.getElementError (node_modules/@testing-library/react/node_modules/@testing-library/dom/dist/config.js:37:19)
      at node_modules/@testing-library/react/node_modules/@testing-library/dom/dist/query-helpers.js:76:38
      at node_modules/@testing-library/react/node_modules/@testing-library/dom/dist/query-helpers.js:52:17
      at getByText (node_modules/@testing-library/react/node_modules/@testing-library/dom/dist/query-helpers.js:95:19)
      at Object.<anonymous> (src/App.test.tsx:7:32)

FAIL src/components/CreateList.test.tsx
  ● Test suite failed to run

    Your test suite must contain at least one test.

      at onResult (node_modules/@jest/core/build/TestScheduler.js:175:18)
      at node_modules/@jest/core/build/TestScheduler.js:316:17
      at node_modules/emittery/index.js:260:13
          at Array.map (<anonymous>)
      at Emittery.emit (node_modules/emittery/index.js:258:23)

FAIL src/components/SuperAddMovie.test.tsx
  ● Test suite failed to run

    Your test suite must contain at least one test.

      at onResult (node_modules/@jest/core/build/TestScheduler.js:175:18)
      at node_modules/@jest/core/build/TestScheduler.js:316:17
      at node_modules/emittery/index.js:260:13
          at Array.map (<anonymous>)
      at Emittery.emit (node_modules/emittery/index.js:258:23)

----------------------|---------|----------|---------|---------|----------------------------------------------------------
File                  | % Stmts | % Branch | % Funcs | % Lines | Uncovered Line #s                                        
----------------------|---------|----------|---------|---------|----------------------------------------------------------
All files             |   17.74 |    14.83 |   16.78 |   17.17 |                                                          
 src                  |   36.84 |     42.3 |      70 |   36.84 |                                                          
  App.tsx             |      56 |       50 |    87.5 |      56 | 39,45,53,63-77,85,99-102                                 
  index.tsx           |       0 |      100 |     100 |       0 | 8-32                                                     
  reportWebVitals.ts  |       0 |        0 |       0 |       0 | 3-10                                                     
 src/components       |   15.56 |      9.3 |   12.78 |   14.86 |                                                          
  CreateList.tsx      |       0 |        0 |       0 |       0 | 12-100                                                   
  CustomList1.tsx     |       0 |        0 |       0 |       0 | 10-67                                                    
  CustomList2.tsx     |       0 |        0 |       0 |       0 | 11-69                                                    
  CustomMovieList.tsx |       0 |      100 |       0 |       0 | 10-33                                                    
  DragAndDrop.tsx     |   16.32 |    13.33 |   22.22 |   16.66 | 19-70,76-81,88-92,125-138                                
  DroppedMovie.tsx    |       0 |        0 |       0 |       0 |                                                          
  Genre.tsx           |       0 |        0 |       0 |       0 | 6-32                                                     
  Movie.ts            |       0 |        0 |       0 |       0 |                                                          
  MovieCards.tsx      |   37.07 |       15 |   37.03 |   34.52 | 30,37-41,52-88,93-97,128-139,145-153,159,166-169,181,211 
  MoviesList.tsx      |     100 |      100 |     100 |     100 |                                                          
  SuperAddMovie.tsx   |       0 |        0 |       0 |       0 | 15-228                                                   
  SuperAddUser.tsx    |       0 |        0 |       0 |       0 | 18-56                                                    
  Users.tsx           |   71.42 |      100 |      50 |   71.42 | 30,38                                                    
  newCreateList.tsx   |    9.09 |        0 |    4.34 |    9.25 | 10-104,134-154,170-181                                   
----------------------|---------|----------|---------|---------|----------------------------------------------------------
Test Suites: 3 failed, 3 total
Tests:       1 failed, 1 total
Snapshots:   0 total
Time:        4.981 s
Ran all test suites.
